Archive member included to satisfy reference by file (symbol)

C:/ST/STM32CubeIDE_1.19.0/STM32CubeIDE/plugins/com.st.stm32cube.ide.mcu.externaltools.gnu-tools-for-stm32.13.3.rel1.win32_1.0.0.202411081344/tools/bin/../lib/gcc/arm-none-eabi/13.3.1/../../../../arm-none-eabi/lib/thumb/v7e-m+dp/hard\libc_nano.a(libc_a-exit.o)
                              C:/ST/STM32CubeIDE_1.19.0/STM32CubeIDE/plugins/com.st.stm32cube.ide.mcu.externaltools.gnu-tools-for-stm32.13.3.rel1.win32_1.0.0.202411081344/tools/bin/../lib/gcc/arm-none-eabi/13.3.1/../../../../arm-none-eabi/lib/thumb/v7e-m+dp/hard/crt0.o (exit)
C:/ST/STM32CubeIDE_1.19.0/STM32CubeIDE/plugins/com.st.stm32cube.ide.mcu.externaltools.gnu-tools-for-stm32.13.3.rel1.win32_1.0.0.202411081344/tools/bin/../lib/gcc/arm-none-eabi/13.3.1/../../../../arm-none-eabi/lib/thumb/v7e-m+dp/hard\libc_nano.a(libc_a-findfp.o)
                              C:/ST/STM32CubeIDE_1.19.0/STM32CubeIDE/plugins/com.st.stm32cube.ide.mcu.externaltools.gnu-tools-for-stm32.13.3.rel1.win32_1.0.0.202411081344/tools/bin/../lib/gcc/arm-none-eabi/13.3.1/../../../../arm-none-eabi/lib/thumb/v7e-m+dp/hard\libc_nano.a(libc_a-exit.o) (__stdio_exit_handler)
C:/ST/STM32CubeIDE_1.19.0/STM32CubeIDE/plugins/com.st.stm32cube.ide.mcu.externaltools.gnu-tools-for-stm32.13.3.rel1.win32_1.0.0.202411081344/tools/bin/../lib/gcc/arm-none-eabi/13.3.1/../../../../arm-none-eabi/lib/thumb/v7e-m+dp/hard\libc_nano.a(libc_a-fwalk.o)
                              C:/ST/STM32CubeIDE_1.19.0/STM32CubeIDE/plugins/com.st.stm32cube.ide.mcu.externaltools.gnu-tools-for-stm32.13.3.rel1.win32_1.0.0.202411081344/tools/bin/../lib/gcc/arm-none-eabi/13.3.1/../../../../arm-none-eabi/lib/thumb/v7e-m+dp/hard\libc_nano.a(libc_a-findfp.o) (_fwalk_sglue)
C:/ST/STM32CubeIDE_1.19.0/STM32CubeIDE/plugins/com.st.stm32cube.ide.mcu.externaltools.gnu-tools-for-stm32.13.3.rel1.win32_1.0.0.202411081344/tools/bin/../lib/gcc/arm-none-eabi/13.3.1/../../../../arm-none-eabi/lib/thumb/v7e-m+dp/hard\libc_nano.a(libc_a-stdio.o)
                              C:/ST/STM32CubeIDE_1.19.0/STM32CubeIDE/plugins/com.st.stm32cube.ide.mcu.externaltools.gnu-tools-for-stm32.13.3.rel1.win32_1.0.0.202411081344/tools/bin/../lib/gcc/arm-none-eabi/13.3.1/../../../../arm-none-eabi/lib/thumb/v7e-m+dp/hard\libc_nano.a(libc_a-findfp.o) (__sread)
C:/ST/STM32CubeIDE_1.19.0/STM32CubeIDE/plugins/com.st.stm32cube.ide.mcu.externaltools.gnu-tools-for-stm32.13.3.rel1.win32_1.0.0.202411081344/tools/bin/../lib/gcc/arm-none-eabi/13.3.1/../../../../arm-none-eabi/lib/thumb/v7e-m+dp/hard\libc_nano.a(libc_a-memset.o)
                              C:/ST/STM32CubeIDE_1.19.0/STM32CubeIDE/plugins/com.st.stm32cube.ide.mcu.externaltools.gnu-tools-for-stm32.13.3.rel1.win32_1.0.0.202411081344/tools/bin/../lib/gcc/arm-none-eabi/13.3.1/../../../../arm-none-eabi/lib/thumb/v7e-m+dp/hard/crt0.o (memset)
C:/ST/STM32CubeIDE_1.19.0/STM32CubeIDE/plugins/com.st.stm32cube.ide.mcu.externaltools.gnu-tools-for-stm32.13.3.rel1.win32_1.0.0.202411081344/tools/bin/../lib/gcc/arm-none-eabi/13.3.1/../../../../arm-none-eabi/lib/thumb/v7e-m+dp/hard\libc_nano.a(libc_a-closer.o)
                              C:/ST/STM32CubeIDE_1.19.0/STM32CubeIDE/plugins/com.st.stm32cube.ide.mcu.externaltools.gnu-tools-for-stm32.13.3.rel1.win32_1.0.0.202411081344/tools/bin/../lib/gcc/arm-none-eabi/13.3.1/../../../../arm-none-eabi/lib/thumb/v7e-m+dp/hard\libc_nano.a(libc_a-stdio.o) (_close_r)
C:/ST/STM32CubeIDE_1.19.0/STM32CubeIDE/plugins/com.st.stm32cube.ide.mcu.externaltools.gnu-tools-for-stm32.13.3.rel1.win32_1.0.0.202411081344/tools/bin/../lib/gcc/arm-none-eabi/13.3.1/../../../../arm-none-eabi/lib/thumb/v7e-m+dp/hard\libc_nano.a(libc_a-reent.o)
                              C:/ST/STM32CubeIDE_1.19.0/STM32CubeIDE/plugins/com.st.stm32cube.ide.mcu.externaltools.gnu-tools-for-stm32.13.3.rel1.win32_1.0.0.202411081344/tools/bin/../lib/gcc/arm-none-eabi/13.3.1/../../../../arm-none-eabi/lib/thumb/v7e-m+dp/hard\libc_nano.a(libc_a-closer.o) (errno)
C:/ST/STM32CubeIDE_1.19.0/STM32CubeIDE/plugins/com.st.stm32cube.ide.mcu.externaltools.gnu-tools-for-stm32.13.3.rel1.win32_1.0.0.202411081344/tools/bin/../lib/gcc/arm-none-eabi/13.3.1/../../../../arm-none-eabi/lib/thumb/v7e-m+dp/hard\libc_nano.a(libc_a-impure.o)
                              C:/ST/STM32CubeIDE_1.19.0/STM32CubeIDE/plugins/com.st.stm32cube.ide.mcu.externaltools.gnu-tools-for-stm32.13.3.rel1.win32_1.0.0.202411081344/tools/bin/../lib/gcc/arm-none-eabi/13.3.1/../../../../arm-none-eabi/lib/thumb/v7e-m+dp/hard\libc_nano.a(libc_a-reent.o) (_impure_ptr)
C:/ST/STM32CubeIDE_1.19.0/STM32CubeIDE/plugins/com.st.stm32cube.ide.mcu.externaltools.gnu-tools-for-stm32.13.3.rel1.win32_1.0.0.202411081344/tools/bin/../lib/gcc/arm-none-eabi/13.3.1/../../../../arm-none-eabi/lib/thumb/v7e-m+dp/hard\libc_nano.a(libc_a-lseekr.o)
[...]
Memory Configuration

Name             Origin             Length             Attributes
FLASH            0x08000000         0x00020000         xr
DTCMRAM          0x20000000         0x00020000         xrw
RAM_D1           0x24000000         0x00080000         xrw
RAM_D2           0x30000000         0x00048000         xrw
RAM_D3           0x38000000         0x00010000         xrw
ITCMRAM          0x00000000         0x00010000         xrw
*default*        0x00000000         0xffffffff

Linker script and memory map

LOAD C:/ST/STM32CubeIDE_1.19.0/STM32CubeIDE/plugins/com.st.stm32cube.ide.mcu.externaltools.gnu-tools-for-stm32.13.3.rel1.win32_1.0.0.202411081344/tools/bin/../lib/gcc/arm-none-eabi/13.3.1/thumb/v7e-m+dp/hard/crti.o
LOAD C:/ST/STM32CubeIDE_1.19.0/STM32CubeIDE/plugins/com.st.stm32cube.ide.mcu.externaltools.gnu-tools-for-stm32.13.3.rel1.win32_1.0.0.202411081344/tools/bin/../lib/gcc/arm-none-eabi/13.3.1/thumb/v7e-m+dp/hard/crtbegin.o
LOAD C:/ST/STM32CubeIDE_1.19.0/STM32CubeIDE/plugins/com.st.stm32cube.ide.mcu.externaltools.gnu-tools-for-stm32.13.3.rel1.win32_1.0.0.202411081344/tools/bin/../lib/gcc/arm-none-eabi/13.3.1/../../../../arm-none-eabi/lib/thumb/v7e-m+dp/hard/crt0.o
LOAD ./Core/Components/ft5336/ft5336.o
LOAD ./Core/Components/ft5336/ft5336_reg.o
LOAD ./Core/Components/mt25tl01g/mt25tl01g.o
LOAD ./Core/Components/mt48lc4m32b2/mt48lc4m32b2.o
LOAD ./Core/Src/demo.o
LOAD ./Core/Src/display.o
LOAD ./Core/Src/main.o
LOAD ./Core/Src/stm32_lcd.o
LOAD ./Core/Src/stm32h750b_discovery_bus.o
LOAD ./Core/Src/stm32h750b_discovery_lcd.o
LOAD ./Core/Src/stm32h750b_discovery_sdram.o
LOAD ./Core/Src/stm32h750b_discovery_ts.o
LOAD ./Core/Src/stm32h7xx_hal_msp.o
LOAD ./Core/Src/stm32h7xx_it.o
LOAD ./Core/Src/syscalls.o
LOAD ./Core/Src/sysmem.o
LOAD ./Core/Src/system_stm32h7xx.o
LOAD ./Core/Startup/startup_stm32h750xbhx.o
LOAD ./Drivers/STM32H7xx_HAL_Driver/Src/stm32h7xx_hal.o
LOAD ./Drivers/STM32H7xx_HAL_Driver/Src/stm32h7xx_hal_adc.o
LOAD ./Drivers/STM32H7xx_HAL_Driver/Src/stm32h7xx_hal_adc_ex.o
LOAD ./Drivers/STM32H7xx_HAL_Driver/Src/stm32h7xx_hal_cortex.o
LOAD ./Drivers/STM32H7xx_HAL_Driver/Src/stm32h7xx_hal_dma.o
LOAD ./Drivers/STM32H7xx_HAL_Driver/Src/stm32h7xx_hal_dma2d.o
LOAD ./Drivers/STM32H7xx_HAL_Driver/Src/stm32h7xx_hal_dma_ex.o
LOAD ./Drivers/STM32H7xx_HAL_Driver/Src/stm32h7xx_hal_dsi.o
LOAD ./Drivers/STM32H7xx_HAL_Driver/Src/stm32h7xx_hal_exti.o
LOAD ./Drivers/STM32H7xx_HAL_Driver/Src/stm32h7xx_hal_flash.o
LOAD ./Drivers/STM32H7xx_HAL_Driver/Src/stm32h7xx_hal_flash_ex.o
LOAD ./Drivers/STM32H7xx_HAL_Driver/Src/stm32h7xx_hal_gpio.o
LOAD ./Drivers/STM32H7xx_HAL_Driver/Src/stm32h7xx_hal_hsem.o
LOAD ./Drivers/STM32H7xx_HAL_Driver/Src/stm32h7xx_hal_i2c.o
LOAD ./Drivers/STM32H7xx_HAL_Driver/Src/stm32h7xx_hal_i2c_ex.o
LOAD ./Drivers/STM32H7xx_HAL_Driver/Src/stm32h7xx_hal_ltdc.o
LOAD ./Drivers/STM32H7xx_HAL_Driver/Src/stm32h7xx_hal_ltdc_ex.o
LOAD ./Drivers/STM32H7xx_HAL_Driver/Src/stm32h7xx_hal_mdma.o
LOAD ./Drivers/STM32H7xx_HAL_Driver/Src/stm32h7xx_hal_nand.o
LOAD ./Drivers/STM32H7xx_HAL_Driver/Src/stm32h7xx_hal_nor.o
LOAD ./Drivers/STM32H7xx_HAL_Driver/Src/stm32h7xx_hal_pwr.o
LOAD ./Drivers/STM32H7xx_HAL_Driver/Src/stm32h7xx_hal_pwr_ex.o
LOAD ./Drivers/STM32H7xx_HAL_Driver/Src/stm32h7xx_hal_qspi.o
LOAD ./Drivers/STM32H7xx_HAL_Driver/Src/stm32h7xx_hal_rcc.o
LOAD ./Drivers/STM32H7xx_HAL_Driver/Src/stm32h7xx_hal_rcc_ex.o
LOAD ./Drivers/STM32H7xx_HAL_Driver/Src/stm32h7xx_hal_sdram.o
LOAD ./Drivers/STM32H7xx_HAL_Driver/Src/stm32h7xx_hal_sram.o
LOAD ./Drivers/STM32H7xx_HAL_Driver/Src/stm32h7xx_hal_tim.o
LOAD ./Drivers/STM32H7xx_HAL_Driver/Src/stm32h7xx_hal_tim_ex.o
LOAD ./Drivers/STM32H7xx_HAL_Driver/Src/stm32h7xx_hal_uart.o
LOAD ./Drivers/STM32H7xx_HAL_Driver/Src/stm32h7xx_hal_uart_ex.o
LOAD ./Drivers/STM32H7xx_HAL_Driver/Src/stm32h7xx_ll_fmc.o
START GROUP
LOAD C:/ST/STM32CubeIDE_1.19.0/STM32CubeIDE/plugins/com.st.stm32cube.ide.mcu.externaltools.gnu-tools-for-stm32.13.3.rel1.win32_1.0.0.202411081344/tools/bin/../lib/gcc/arm-none-eabi/13.3.1/../../../../arm-none-eabi/lib/thumb/v7e-m+dp/hard\libc_nano.a
LOAD C:/ST/STM32CubeIDE_1.19.0/STM32CubeIDE/plugins/com.st.stm32cube.ide.mcu.externaltools.gnu-tools-for-stm32.13.3.rel1.win32_1.0.0.202411081344/tools/bin/../lib/gcc/arm-none-eabi/13.3.1/../../../../arm-none-eabi/lib/thumb/v7e-m+dp/hard\libm.a
END GROUP
START GROUP
LOAD C:/ST/STM32CubeIDE_1.19.0/STM32CubeIDE/plugins/com.st.stm32cube.ide.mcu.externaltools.gnu-tools-for-stm32.13.3.rel1.win32_1.0.0.202411081344/tools/bin/../lib/gcc/arm-none-eabi/13.3.1/thumb/v7e-m+dp/hard\libgcc.a
LOAD C:/ST/STM32CubeIDE_1.19.0/STM32CubeIDE/plugins/com.st.stm32cube.ide.mcu.externaltools.gnu-tools-for-stm32.13.3.rel1.win32_1.0.0.202411081344/tools/bin/../lib/gcc/arm-none-eabi/13.3.1/../../../../arm-none-eabi/lib/thumb/v7e-m+dp/hard\libc_nano.a
END GROUP
START GROUP
LOAD C:/ST/STM32CubeIDE_1.19.0/STM32CubeIDE/plugins/com.st.stm32cube.ide.mcu.externaltools.gnu-tools-for-stm32.13.3.rel1.win32_1.0.0.202411081344/tools/bin/../lib/gcc/arm-none-eabi/13.3.1/thumb/v7e-m+dp/hard\libgcc.a
LOAD C:/ST/STM32CubeIDE_1.19.0/STM32CubeIDE/plugins/com.st.stm32cube.ide.mcu.externaltools.gnu-tools-for-stm32.13.3.rel1.win32_1.0.0.202411081344/tools/bin/../lib/gcc/arm-none-eabi/13.3.1/../../../../arm-none-eabi/lib/thumb/v7e-m+dp/hard\libc_nano.a
LOAD C:/ST/STM32CubeIDE_1.19.0/STM32CubeIDE/plugins/com.st.stm32cube.ide.mcu.externaltools.gnu-tools-for-stm32.13.3.rel1.win32_1.0.0.202411081344/tools/bin/../lib/gcc/arm-none-eabi/13.3.1/../../../../arm-none-eabi/lib/thumb/v7e-m+dp/hard\libnosys.a
END GROUP
START GROUP
LOAD C:/ST/STM32CubeIDE_1.19.0/STM32CubeIDE/plugins/com.st.stm32cube.ide.mcu.externaltools.gnu-tools-for-stm32.13.3.rel1.win32_1.0.0.202411081344/tools/bin/../lib/gcc/arm-none-eabi/13.3.1/thumb/v7e-m+dp/hard\libgcc.a
LOAD C:/ST/STM32CubeIDE_1.19.0/STM32CubeIDE/plugins/com.st.stm32cube.ide.mcu.externaltools.gnu-tools-for-stm32.13.3.rel1.win32_1.0.0.202411081344/tools/bin/../lib/gcc/arm-none-eabi/13.3.1/../../../../arm-none-eabi/lib/thumb/v7e-m+dp/hard\libc_nano.a
LOAD C:/ST/STM32CubeIDE_1.19.0/STM32CubeIDE/plugins/com.st.stm32cube.ide.mcu.externaltools.gnu-tools-for-stm32.13.3.rel1.win32_1.0.0.202411081344/tools/bin/../lib/gcc/arm-none-eabi/13.3.1/../../../../arm-none-eabi/lib/thumb/v7e-m+dp/hard\libnosys.a
END GROUP
LOAD C:/ST/STM32CubeIDE_1.19.0/STM32CubeIDE/plugins/com.st.stm32cube.ide.mcu.externaltools.gnu-tools-for-stm32.13.3.rel1.win32_1.0.0.202411081344/tools/bin/../lib/gcc/arm-none-eabi/13.3.1/thumb/v7e-m+dp/hard/crtend.o
LOAD C:/ST/STM32CubeIDE_1.19.0/STM32CubeIDE/plugins/com.st.stm32cube.ide.mcu.externaltools.gnu-tools-for-stm32.13.3.rel1.win32_1.0.0.202411081344/tools/bin/../lib/gcc/arm-none-eabi/13.3.1/thumb/v7e-m+dp/hard/crtn.o
                0x24080000                        _estack = (ORIGIN (RAM_D1) + LENGTH (RAM_D1))
                0x00000200                        _Min_Heap_Size = 0x200
                0x00000400                        _Min_Stack_Size = 0x400

.isr_vector     0x08000000      0x298
                0x08000000                        . = ALIGN (0x4)
 *(.isr_vector)
 .isr_vector    0x08000000      0x298 ./Core/Startup/startup_stm32h750xbhx.o
                0x08000000                g_pfnVectors
                0x08000298                        . = ALIGN (0x4)

.text           0x08000298     0xd0d4
                0x08000298                        . = ALIGN (0x4)
 *(.text)
 .text          0x08000298       0x40 C:/ST/STM32CubeIDE_1.19.0/STM32CubeIDE/plugins/com.st.stm32cube.ide.mcu.externaltools.gnu-tools-for-stm32.13.3.rel1.win32_1.0.0.202411081344/tools/bin/../lib/gcc/arm-none-eabi/13.3.1/thumb/v7e-m+dp/hard/crtbegin.o
 .text          0x080002d8      0x378 C:/ST/STM32CubeIDE_1.19.0/STM32CubeIDE/plugins/com.st.stm32cube.ide.mcu.externaltools.gnu-tools-for-stm32.13.3.rel1.win32_1.0.0.202411081344/tools/bin/../lib/gcc/arm-none-eabi/13.3.1/thumb/v7e-m+dp/hard\libgcc.a(_arm_addsubdf3.o)
                0x080002d8                __aeabi_drsub
                0x080002e0                __aeabi_dsub
                0x080002e0                __subdf3
                0x080002e4                __aeabi_dadd
                0x080002e4                __adddf3
                0x0800055c                __floatunsidf
                0x0800055c                __aeabi_ui2d
                0x0800057c                __floatsidf
                0x0800057c                __aeabi_i2d
                0x080005a0                __aeabi_f2d
                0x080005a0                __extendsfdf2
                0x080005e4                __floatundidf
                0x080005e4                __aeabi_ul2d
                0x080005f4                __floatdidf
                0x080005f4                __aeabi_l2d
 *(.text*)
 .text.FT5336_RegisterBusIO
                0x08000650       0x84 ./Core/Components/ft5336/ft5336.o
                0x08000650                FT5336_RegisterBusIO
 .text.FT5336_ReadID
                0x080006d4       0x20 ./Core/Components/ft5336/ft5336.o
                0x080006d4                FT5336_ReadID
 .text.ReadRegWrap
                0x080006f4       0x34 ./Core/Components/ft5336/ft5336.o
 .text.WriteRegWrap
                0x08000728       0x34 ./Core/Components/ft5336/ft5336.o
 .text.ft5336_read_reg
                0x0800075c       0x2e ./Core/Components/ft5336/ft5336_reg.o
                0x0800075c                ft5336_read_reg
 .text.ft5336_chip_id
                0x0800078a       0x38 ./Core/Components/ft5336/ft5336_reg.o
                0x0800078a                ft5336_chip_id
 .text.MT48LC4M32B2_Init
                0x080007c2       0x7e ./Core/Components/mt48lc4m32b2/mt48lc4m32b2.o
                0x080007c2                MT48LC4M32B2_Init
 .text.MT48LC4M32B2_ClockEnable
                0x08000840       0x48 ./Core/Components/mt48lc4m32b2/mt48lc4m32b2.o
                0x08000840                MT48LC4M32B2_ClockEnable
 .text.MT48LC4M32B2_Precharge
                0x08000888       0x48 ./Core/Components/mt48lc4m32b2/mt48lc4m32b2.o
                0x08000888                MT48LC4M32B2_Precharge
 .text.MT48LC4M32B2_ModeRegConfig
                0x080008d0       0x68 ./Core/Components/mt48lc4m32b2/mt48lc4m32b2.o
                0x080008d0                MT48LC4M32B2_ModeRegConfig
 .text.MT48LC4M32B2_RefreshMode
                0x08000938       0x4c ./Core/Components/mt48lc4m32b2/mt48lc4m32b2.o
                0x08000938                MT48LC4M32B2_RefreshMode
 .text.MT48LC4M32B2_RefreshRate
                0x08000984       0x28 ./Core/Components/mt48lc4m32b2/mt48lc4m32b2.o
                0x08000984                MT48LC4M32B2_RefreshRate
 .text.MT48LC4M32B2_Delay
                0x080009ac       0x2a ./Core/Components/mt48lc4m32b2/mt48lc4m32b2.o
 *fill*         0x080009d6        0x2 
 .text.drawArrow
                0x080009d8      0x11c ./Core/Src/display.o
                0x080009d8                drawArrow
 .text.calculateAngle
                0x08000af4       0xa4 ./Core/Src/main.o
                0x08000af4                calculateAngle
 .text.MX_LTDC_ClockConfig
                0x08000b98       0x58 ./Core/Src/main.o
                0x08000b98                MX_LTDC_ClockConfig
 .text.main     0x08000bf0      0x2d8 ./Core/Src/main.o
                0x08000bf0                main
 .text.SystemClock_Config
                0x08000ec8       0xe4 ./Core/Src/main.o
                0x08000ec8                SystemClock_Config
 .text.MX_ADC1_Init
                0x08000fac      0x134 ./Core/Src/main.o
 .text.MX_DMA_Init
                0x080010e0       0x40 ./Core/Src/main.o
 .text.MX_GPIO_Init
                0x08001120       0x70 ./Core/Src/main.o
 .text.MPU_Config
                0x08001190       0x90 ./Core/Src/main.o
 .text.Error_Handler
                0x08001220        0xc ./Core/Src/main.o
                0x08001220                Error_Handler
 .text.UTIL_LCD_SetFuncDriver
                0x0800122c       0xac ./Core/Src/stm32_lcd.o
                0x0800122c                UTIL_LCD_SetFuncDriver
 .text.UTIL_LCD_DrawHLine
                0x080012d8       0x6c ./Core/Src/stm32_lcd.o
                0x080012d8                UTIL_LCD_DrawHLine
 .text.UTIL_LCD_SetPixel
                0x08001344       0x68 ./Core/Src/stm32_lcd.o
                0x08001344                UTIL_LCD_SetPixel
 .text.UTIL_LCD_Clear
                0x080013ac       0x2c ./Core/Src/stm32_lcd.o
                0x080013ac                UTIL_LCD_Clear
 .text.UTIL_LCD_DrawLine
                0x080013d8      0x178 ./Core/Src/stm32_lcd.o
                0x080013d8                UTIL_LCD_DrawLine
 .text.UTIL_LCD_DrawCircle
                0x08001550      0x214 ./Core/Src/stm32_lcd.o
                0x08001550                UTIL_LCD_DrawCircle
 .text.UTIL_LCD_FillRect
                0x08001764       0x74 ./Core/Src/stm32_lcd.o
                0x08001764                UTIL_LCD_FillRect
 .text.UTIL_LCD_FillCircle
                0x080017d8      0x158 ./Core/Src/stm32_lcd.o
                0x080017d8                UTIL_LCD_FillCircle
 .text.UTIL_LCD_FillPolygon
                0x08001930      0x24c ./Core/Src/stm32_lcd.o
                0x08001930                UTIL_LCD_FillPolygon
 .text.FillTriangle
                0x08001b7c      0x196 ./Core/Src/stm32_lcd.o
 *fill*         0x08001d12        0x2 
 .text.BSP_I2C4_Init
                0x08001d14       0x74 ./Core/Src/stm32h750b_discovery_bus.o
                0x08001d14                BSP_I2C4_Init
 .text.MX_I2C4_Init
                0x08001d88       0x84 ./Core/Src/stm32h750b_discovery_bus.o
                0x08001d88                MX_I2C4_Init
 .text.BSP_I2C4_ReadReg
                0x08001e0c       0x5c ./Core/Src/stm32h750b_discovery_bus.o
                0x08001e0c                BSP_I2C4_ReadReg
 .text.I2C_GetTiming
                0x08001e68      0x100 ./Core/Src/stm32h750b_discovery_bus.o
 .text.I2C_Compute_PRESC_SCLDEL_SDADEL
                0x08001f68      0x1dc ./Core/Src/stm32h750b_discovery_bus.o
 .text.I2C_Compute_SCLL_SCLH
                0x08002144      0x210 ./Core/Src/stm32h750b_discovery_bus.o
 .text.I2C4_MspInit
                0x08002354       0xd8 ./Core/Src/stm32h750b_discovery_bus.o
 .text.I2C4_ReadReg
                0x0800242c       0x4c ./Core/Src/stm32h750b_discovery_bus.o
 .text.BSP_LCD_Init
                0x08002478       0x28 ./Core/Src/stm32h750b_discovery_lcd.o
                0x08002478                BSP_LCD_Init
 .text.BSP_LCD_InitEx
                0x080024a0      0x1b4 ./Core/Src/stm32h750b_discovery_lcd.o
                0x080024a0                BSP_LCD_InitEx
 .text.MX_LTDC_Init
                0x08002654       0x98 ./Core/Src/stm32h750b_discovery_lcd.o
                0x08002654                MX_LTDC_Init
 .text.MX_LTDC_ConfigLayer
                0x080026ec       0x84 ./Core/Src/stm32h750b_discovery_lcd.o
                0x080026ec                MX_LTDC_ConfigLayer
 .text.BSP_LCD_GetPixelFormat
                0x08002770       0x40 ./Core/Src/stm32h750b_discovery_lcd.o
                0x08002770                BSP_LCD_GetPixelFormat
 .text.BSP_LCD_SetActiveLayer
                0x080027b0       0x3c ./Core/Src/stm32h750b_discovery_lcd.o
                0x080027b0                BSP_LCD_SetActiveLayer
 .text.BSP_LCD_GetXSize
                0x080027ec       0x3c ./Core/Src/stm32h750b_discovery_lcd.o
                0x080027ec                BSP_LCD_GetXSize
 .text.BSP_LCD_GetYSize
                0x08002828       0x40 ./Core/Src/stm32h750b_discovery_lcd.o
                0x08002828                BSP_LCD_GetYSize
 .text.BSP_LCD_DrawBitmap
                0x08002868      0x184 ./Core/Src/stm32h750b_discovery_lcd.o
                0x08002868                BSP_LCD_DrawBitmap
 .text.BSP_LCD_FillRGBRect
                0x080029ec       0x94 ./Core/Src/stm32h750b_discovery_lcd.o
                0x080029ec                BSP_LCD_FillRGBRect
 .text.BSP_LCD_DrawHLine
                0x08002a80       0x9c ./Core/Src/stm32h750b_discovery_lcd.o
                0x08002a80                BSP_LCD_DrawHLine
 .text.BSP_LCD_DrawVLine
                0x08002b1c       0xa8 ./Core/Src/stm32h750b_discovery_lcd.o
                0x08002b1c                BSP_LCD_DrawVLine
 .text.BSP_LCD_FillRect
                0x08002bc4       0x84 ./Core/Src/stm32h750b_discovery_lcd.o
                0x08002bc4                BSP_LCD_FillRect
 .text.BSP_LCD_ReadPixel
                0x08002c48       0xb8 ./Core/Src/stm32h750b_discovery_lcd.o
                0x08002c48                BSP_LCD_ReadPixel
 .text.BSP_LCD_WritePixel
                0x08002d00       0xb4 ./Core/Src/stm32h750b_discovery_lcd.o
                0x08002d00                BSP_LCD_WritePixel
 .text.LL_FillBuffer
                0x08002db4       0xd4 ./Core/Src/stm32h750b_discovery_lcd.o
 .text.LL_ConvertLineToRGB
                0x08002e88       0xa8 ./Core/Src/stm32h750b_discovery_lcd.o
 .text.LTDC_MspInit
                0x08002f30      0x198 ./Core/Src/stm32h750b_discovery_lcd.o
 .text.DMA2D_MspInit
                0x080030c8       0x5c ./Core/Src/stm32h750b_discovery_lcd.o
 .text.TIMx_PWM_MspInit
                0x08003124       0x74 ./Core/Src/stm32h750b_discovery_lcd.o
 .text.TIMx_PWM_Init
                0x08003198       0x54 ./Core/Src/stm32h750b_discovery_lcd.o
 .text.BSP_SDRAM_Init
                0x080031ec       0xb8 ./Core/Src/stm32h750b_discovery_sdram.o
                0x080031ec                BSP_SDRAM_Init
 .text.MX_SDRAM_BANK2_Init
                0x080032a4       0x98 ./Core/Src/stm32h750b_discovery_sdram.o
                0x080032a4                MX_SDRAM_BANK2_Init
 .text.SDRAM_MspInit
                0x0800333c      0x1fc ./Core/Src/stm32h750b_discovery_sdram.o
 .text.HAL_MspInit
                0x08003538       0x34 ./Core/Src/stm32h7xx_hal_msp.o
                0x08003538                HAL_MspInit
 .text.HAL_ADC_MspInit
                0x0800356c      0x184 ./Core/Src/stm32h7xx_hal_msp.o
                0x0800356c                HAL_ADC_MspInit
 .text.NMI_Handler
                0x080036f0        0x8 ./Core/Src/stm32h7xx_it.o
                0x080036f0                NMI_Handler
 .text.HardFault_Handler
                0x080036f8        0x8 ./Core/Src/stm32h7xx_it.o
                0x080036f8                HardFault_Handler
 .text.MemManage_Handler
                0x08003700        0x8 ./Core/Src/stm32h7xx_it.o
                0x08003700                MemManage_Handler
 .text.BusFault_Handler
                0x08003708        0x8 ./Core/Src/stm32h7xx_it.o
                0x08003708                BusFault_Handler
 .text.UsageFault_Handler
                0x08003710        0x8 ./Core/Src/stm32h7xx_it.o
                0x08003710                UsageFault_Handler
 .text.SVC_Handler
                0x08003718        0xe ./Core/Src/stm32h7xx_it.o
                0x08003718                SVC_Handler
 .text.DebugMon_Handler
                0x08003726        0xe ./Core/Src/stm32h7xx_it.o
                0x08003726                DebugMon_Handler
 .text.PendSV_Handler
                0x08003734        0xe ./Core/Src/stm32h7xx_it.o
                0x08003734                PendSV_Handler
 .text.SysTick_Handler
                0x08003742        0xc ./Core/Src/stm32h7xx_it.o
                0x08003742                SysTick_Handler
 *fill*         0x0800374e        0x2 
 .text.DMA1_Stream0_IRQHandler
                0x08003750       0x14 ./Core/Src/stm32h7xx_it.o
                0x08003750                DMA1_Stream0_IRQHandler
 .text.SystemInit
                0x08003764      0x140 ./Core/Src/system_stm32h7xx.o
                0x08003764                SystemInit
 .text.ExitRun0Mode
                0x080038a4       0x30 ./Core/Src/system_stm32h7xx.o
                0x080038a4                ExitRun0Mode
 .text.Reset_Handler
                0x080038d4       0x54 ./Core/Startup/startup_stm32h750xbhx.o
                0x080038d4                Reset_Handler
 .text.Default_Handler
                0x08003928        0x2 ./Core/Startup/startup_stm32h750xbhx.o
                0x08003928                RTC_Alarm_IRQHandler
                0x08003928                HASH_RNG_IRQHandler
                0x08003928                EXTI2_IRQHandler
                0x08003928                TIM8_CC_IRQHandler
                0x08003928                HRTIM1_Master_IRQHandler
                0x08003928                UART8_IRQHandler
                0x08003928                SPI4_IRQHandler
                0x08003928                TIM1_CC_IRQHandler
                0x08003928                BDMA_Channel6_IRQHandler
                0x08003928                DMA2_Stream5_IRQHandler
                0x08003928                HRTIM1_FLT_IRQHandler
                0x08003928                JPEG_IRQHandler
                0x08003928                DMA1_Stream5_IRQHandler
                0x08003928                BDMA_Channel1_IRQHandler
                0x08003928                HRTIM1_TIMD_IRQHandler
                0x08003928                TAMP_STAMP_IRQHandler
                0x08003928                EXTI3_IRQHandler
                0x08003928                LPTIM4_IRQHandler
                0x08003928                TIM8_TRG_COM_TIM14_IRQHandler
                0x08003928                LPTIM2_IRQHandler
                0x08003928                DFSDM1_FLT1_IRQHandler
                0x08003928                DMAMUX2_OVR_IRQHandler
                0x08003928                TIM8_UP_TIM13_IRQHandler
                0x08003928                I2C3_ER_IRQHandler
                0x08003928                DFSDM1_FLT2_IRQHandler
                0x08003928                MDMA_IRQHandler
                0x08003928                LPTIM3_IRQHandler
                0x08003928                HSEM1_IRQHandler
                0x08003928                EXTI0_IRQHandler
                0x08003928                I2C2_EV_IRQHandler
                0x08003928                DMA1_Stream2_IRQHandler
                0x08003928                FPU_IRQHandler
                0x08003928                OTG_HS_WKUP_IRQHandler
                0x08003928                FDCAN1_IT1_IRQHandler
                0x08003928                LTDC_ER_IRQHandler
                0x08003928                DMA2_Stream2_IRQHandler
                0x08003928                HRTIM1_TIME_IRQHandler
                0x08003928                SPI1_IRQHandler
                0x08003928                TIM6_DAC_IRQHandler
                0x08003928                DCMI_IRQHandler
                0x08003928                HRTIM1_TIMC_IRQHandler
                0x08003928                DMA2_Stream3_IRQHandler
                0x08003928                SAI2_IRQHandler
                0x08003928                DFSDM1_FLT3_IRQHandler
                0x08003928                USART6_IRQHandler
                0x08003928                TIM17_IRQHandler
                0x08003928                USART3_IRQHandler
                0x08003928                BDMA_Channel7_IRQHandler
                0x08003928                CRYP_IRQHandler
                0x08003928                LPTIM5_IRQHandler
                0x08003928                UART5_IRQHandler
                0x08003928                ADC3_IRQHandler
                0x08003928                DMA2_Stream0_IRQHandler
                0x08003928                TIM4_IRQHandler
                0x08003928                BDMA_Channel2_IRQHandler
                0x08003928                QUADSPI_IRQHandler
                0x08003928                I2C1_EV_IRQHandler
                0x08003928                DMA1_Stream6_IRQHandler
                0x08003928                DMAMUX1_OVR_IRQHandler
                0x08003928                DMA1_Stream1_IRQHandler
                0x08003928                TIM16_IRQHandler
                0x08003928                UART4_IRQHandler
                0x08003928                BDMA_Channel5_IRQHandler
                0x08003928                TIM3_IRQHandler
                0x08003928                RCC_IRQHandler
                0x08003928                TIM8_BRK_TIM12_IRQHandler
                0x08003928                TIM1_TRG_COM_IRQHandler
                0x08003928                Default_Handler
                0x08003928                ECC_IRQHandler
                0x08003928                CEC_IRQHandler
                0x08003928                EXTI15_10_IRQHandler
                0x08003928                BDMA_Channel0_IRQHandler
                0x08003928                ADC_IRQHandler
                0x08003928                DMA1_Stream7_IRQHandler
                0x08003928                HRTIM1_TIMA_IRQHandler
                0x08003928                SPI5_IRQHandler
                0x08003928                TIM7_IRQHandler
                0x08003928                SDMMC1_IRQHandler
                0x08003928                TIM5_IRQHandler
                0x08003928                DMA2_Stream7_IRQHandler
                0x08003928                TIM15_IRQHandler
                0x08003928                PVD_AVD_IRQHandler
                0x08003928                I2C3_EV_IRQHandler
                0x08003928                EXTI9_5_IRQHandler
                0x08003928                RTC_WKUP_IRQHandler
                0x08003928                LTDC_IRQHandler
                0x08003928                SAI3_IRQHandler
                0x08003928                ETH_WKUP_IRQHandler
                0x08003928                SPDIF_RX_IRQHandler
                0x08003928                SPI2_IRQHandler
                0x08003928                OTG_HS_EP1_IN_IRQHandler
                0x08003928                CRS_IRQHandler
                0x08003928                EXTI4_IRQHandler
                0x08003928                HRTIM1_TIMB_IRQHandler
                0x08003928                FDCAN2_IT1_IRQHandler
                0x08003928                ETH_IRQHandler
                0x08003928                TIM1_UP_IRQHandler
                0x08003928                BDMA_Channel4_IRQHandler
                0x08003928                OTG_HS_EP1_OUT_IRQHandler
                0x08003928                WWDG_IRQHandler
                0x08003928                SPI6_IRQHandler
                0x08003928                MDIOS_IRQHandler
                0x08003928                I2C4_EV_IRQHandler
                0x08003928                FDCAN2_IT0_IRQHandler
                0x08003928                LPUART1_IRQHandler
                0x08003928                FDCAN1_IT0_IRQHandler
                0x08003928                TIM2_IRQHandler
                0x08003928                OTG_FS_WKUP_IRQHandler
                0x08003928                OTG_HS_IRQHandler
                0x08003928                DMA2D_IRQHandler
                0x08003928                TIM1_BRK_IRQHandler
                0x08003928                EXTI1_IRQHandler
                0x08003928                SDMMC2_IRQHandler
                0x08003928                OTG_FS_EP1_OUT_IRQHandler
                0x08003928                BDMA_Channel3_IRQHandler
                0x08003928                UART7_IRQHandler
                0x08003928                MDIOS_WKUP_IRQHandler
                0x08003928                USART2_IRQHandler
                0x08003928                DFSDM1_FLT0_IRQHandler
                0x08003928                SAI4_IRQHandler
                0x08003928                I2C2_ER_IRQHandler
                0x08003928                DMA2_Stream1_IRQHandler
                0x08003928                FLASH_IRQHandler
                0x08003928                DMA2_Stream4_IRQHandler
                0x08003928                USART1_IRQHandler
                0x08003928                OTG_FS_IRQHandler
                0x08003928                SPI3_IRQHandler
                0x08003928                WAKEUP_PIN_IRQHandler
                0x08003928                DMA1_Stream4_IRQHandler
                0x08003928                OTG_FS_EP1_IN_IRQHandler
                0x08003928                I2C1_ER_IRQHandler
                0x08003928                FMC_IRQHandler
                0x08003928                FDCAN_CAL_IRQHandler
                0x08003928                SWPMI1_IRQHandler
                0x08003928                COMP1_IRQHandler
                0x08003928                LPTIM1_IRQHandler
                0x08003928                I2C4_ER_IRQHandler
                0x08003928                DMA2_Stream6_IRQHandler
                0x08003928                SAI1_IRQHandler
                0x08003928                DMA1_Stream3_IRQHandler
 *fill*         0x0800392a        0x2 
 .text.HAL_Init
                0x0800392c       0x78 ./Drivers/STM32H7xx_HAL_Driver/Src/stm32h7xx_hal.o
                0x0800392c                HAL_Init
 .text.HAL_InitTick
                0x080039a4       0x6c ./Drivers/STM32H7xx_HAL_Driver/Src/stm32h7xx_hal.o
                0x080039a4                HAL_InitTick
 .text.HAL_IncTick
                0x08003a10       0x28 ./Drivers/STM32H7xx_HAL_Driver/Src/stm32h7xx_hal.o
                0x08003a10                HAL_IncTick
 .text.HAL_GetTick
                0x08003a38       0x18 ./Drivers/STM32H7xx_HAL_Driver/Src/stm32h7xx_hal.o
                0x08003a38                HAL_GetTick
 .text.HAL_Delay
                0x08003a50       0x48 ./Drivers/STM32H7xx_HAL_Driver/Src/stm32h7xx_hal.o
                0x08003a50                HAL_Delay
 .text.HAL_GetREVID
                0x08003a98       0x18 ./Drivers/STM32H7xx_HAL_Driver/Src/stm32h7xx_hal.o
                0x08003a98                HAL_GetREVID
 .text.HAL_SYSCFG_AnalogSwitchConfig
                0x08003ab0       0x2c ./Drivers/STM32H7xx_HAL_Driver/Src/stm32h7xx_hal.o
                0x08003ab0                HAL_SYSCFG_AnalogSwitchConfig
 .text.LL_ADC_SetCommonClock
                0x08003adc       0x26 ./Drivers/STM32H7xx_HAL_Driver/Src/stm32h7xx_hal_adc.o
 .text.LL_ADC_SetCommonPathInternalCh
                0x08003b02       0x26 ./Drivers/STM32H7xx_HAL_Driver/Src/stm32h7xx_hal_adc.o
 .text.LL_ADC_GetCommonPathInternalCh
                0x08003b28       0x1c ./Drivers/STM32H7xx_HAL_Driver/Src/stm32h7xx_hal_adc.o
 .text.LL_ADC_SetChannelPreselection
                0x08003b44       0x66 ./Drivers/STM32H7xx_HAL_Driver/Src/stm32h7xx_hal_adc.o
 .text.LL_ADC_SetOffset
                0x08003baa       0x40 ./Drivers/STM32H7xx_HAL_Driver/Src/stm32h7xx_hal_adc.o
 .text.LL_ADC_SetDataRightShift
                0x08003bea       0x32 ./Drivers/STM32H7xx_HAL_Driver/Src/stm32h7xx_hal_adc.o
 .text.LL_ADC_SetOffsetSignedSaturation
                0x08003c1c       0x36 ./Drivers/STM32H7xx_HAL_Driver/Src/stm32h7xx_hal_adc.o
 .text.LL_ADC_REG_IsTriggerSourceSWStart
                0x08003c52       0x26 ./Drivers/STM32H7xx_HAL_Driver/Src/stm32h7xx_hal_adc.o
 .text.LL_ADC_REG_SetSequencerRanks
                0x08003c78       0x58 ./Drivers/STM32H7xx_HAL_Driver/Src/stm32h7xx_hal_adc.o
 .text.LL_ADC_REG_SetDataTransferMode
                0x08003cd0       0x26 ./Drivers/STM32H7xx_HAL_Driver/Src/stm32h7xx_hal_adc.o
 .text.LL_ADC_SetChannelSamplingTime
                0x08003cf6       0x56 ./Drivers/STM32H7xx_HAL_Driver/Src/stm32h7xx_hal_adc.o
 .text.LL_ADC_SetChannelSingleDiff
                0x08003d4c       0x48 ./Drivers/STM32H7xx_HAL_Driver/Src/stm32h7xx_hal_adc.o
 .text.LL_ADC_GetMultimode
                0x08003d94       0x1c ./Drivers/STM32H7xx_HAL_Driver/Src/stm32h7xx_hal_adc.o
 .text.LL_ADC_DisableDeepPowerDown
                0x08003db0       0x24 ./Drivers/STM32H7xx_HAL_Driver/Src/stm32h7xx_hal_adc.o
 .text.LL_ADC_IsDeepPowerDownEnabled
                0x08003dd4       0x28 ./Drivers/STM32H7xx_HAL_Driver/Src/stm32h7xx_hal_adc.o
 .text.LL_ADC_EnableInternalRegulator
                0x08003dfc       0x28 ./Drivers/STM32H7xx_HAL_Driver/Src/stm32h7xx_hal_adc.o
 .text.LL_ADC_IsInternalRegulatorEnabled
                0x08003e24       0x28 ./Drivers/STM32H7xx_HAL_Driver/Src/stm32h7xx_hal_adc.o
 .text.LL_ADC_Enable
                0x08003e4c       0x28 ./Drivers/STM32H7xx_HAL_Driver/Src/stm32h7xx_hal_adc.o
 .text.LL_ADC_IsEnabled
                0x08003e74       0x26 ./Drivers/STM32H7xx_HAL_Driver/Src/stm32h7xx_hal_adc.o
 *fill*         0x08003e9a        0x2 
 .text.LL_ADC_REG_StartConversion
                0x08003e9c       0x28 ./Drivers/STM32H7xx_HAL_Driver/Src/stm32h7xx_hal_adc.o
 .text.LL_ADC_REG_IsConversionOngoing
                0x08003ec4       0x26 ./Drivers/STM32H7xx_HAL_Driver/Src/stm32h7xx_hal_adc.o
 .text.LL_ADC_INJ_IsConversionOngoing
                0x08003eea       0x26 ./Drivers/STM32H7xx_HAL_Driver/Src/stm32h7xx_hal_adc.o
 .text.HAL_ADC_Init
                0x08003f10      0x344 ./Drivers/STM32H7xx_HAL_Driver/Src/stm32h7xx_hal_adc.o
                0x08003f10                HAL_ADC_Init
 .text.HAL_ADC_Start_DMA
                0x08004254      0x188 ./Drivers/STM32H7xx_HAL_Driver/Src/stm32h7xx_hal_adc.o
                0x08004254                HAL_ADC_Start_DMA
 .text.HAL_ADC_ConvCpltCallback
                0x080043dc       0x14 ./Drivers/STM32H7xx_HAL_Driver/Src/stm32h7xx_hal_adc.o
                0x080043dc                HAL_ADC_ConvCpltCallback
 .text.HAL_ADC_ConvHalfCpltCallback
                0x080043f0       0x14 ./Drivers/STM32H7xx_HAL_Driver/Src/stm32h7xx_hal_adc.o
                0x080043f0                HAL_ADC_ConvHalfCpltCallback
 .text.HAL_ADC_ErrorCallback
                0x08004404       0x14 ./Drivers/STM32H7xx_HAL_Driver/Src/stm32h7xx_hal_adc.o
                0x08004404                HAL_ADC_ErrorCallback
 .text.HAL_ADC_ConfigChannel
                0x08004418      0x5e0 ./Drivers/STM32H7xx_HAL_Driver/Src/stm32h7xx_hal_adc.o
                0x08004418                HAL_ADC_ConfigChannel
 .text.ADC_Enable
                0x080049f8      0x114 ./Drivers/STM32H7xx_HAL_Driver/Src/stm32h7xx_hal_adc.o
                0x080049f8                ADC_Enable
 .text.ADC_DMAConvCplt
                0x08004b0c       0xd8 ./Drivers/STM32H7xx_HAL_Driver/Src/stm32h7xx_hal_adc.o
                0x08004b0c                ADC_DMAConvCplt
 .text.ADC_DMAHalfConvCplt
                0x08004be4       0x1c ./Drivers/STM32H7xx_HAL_Driver/Src/stm32h7xx_hal_adc.o
                0x08004be4                ADC_DMAHalfConvCplt
 .text.ADC_DMAError
                0x08004c00       0x34 ./Drivers/STM32H7xx_HAL_Driver/Src/stm32h7xx_hal_adc.o
                0x08004c00                ADC_DMAError
 .text.ADC_ConfigureBoostMode
                0x08004c34      0x218 ./Drivers/STM32H7xx_HAL_Driver/Src/stm32h7xx_hal_adc.o
                0x08004c34                ADC_ConfigureBoostMode
 .text.LL_ADC_IsEnabled
                0x08004e4c       0x26 ./Drivers/STM32H7xx_HAL_Driver/Src/stm32h7xx_hal_adc_ex.o
 .text.LL_ADC_REG_IsConversionOngoing
                0x08004e72       0x26 ./Drivers/STM32H7xx_HAL_Driver/Src/stm32h7xx_hal_adc_ex.o
 .text.HAL_ADCEx_MultiModeConfigChannel
                0x08004e98      0x1bc ./Drivers/STM32H7xx_HAL_Driver/Src/stm32h7xx_hal_adc_ex.o
                0x08004e98                HAL_ADCEx_MultiModeConfigChannel
 .text.__NVIC_SetPriorityGrouping
                0x08005054       0x48 ./Drivers/STM32H7xx_HAL_Driver/Src/stm32h7xx_hal_cortex.o
 .text.__NVIC_GetPriorityGrouping
                0x0800509c       0x1c ./Drivers/STM32H7xx_HAL_Driver/Src/stm32h7xx_hal_cortex.o
 .text.__NVIC_EnableIRQ
                0x080050b8       0x3c ./Drivers/STM32H7xx_HAL_Driver/Src/stm32h7xx_hal_cortex.o
 .text.__NVIC_SetPriority
                0x080050f4       0x54 ./Drivers/STM32H7xx_HAL_Driver/Src/stm32h7xx_hal_cortex.o
 .text.NVIC_EncodePriority
                0x08005148       0x66 ./Drivers/STM32H7xx_HAL_Driver/Src/stm32h7xx_hal_cortex.o
 *fill*         0x080051ae        0x2 
 .text.SysTick_Config
                0x080051b0       0x44 ./Drivers/STM32H7xx_HAL_Driver/Src/stm32h7xx_hal_cortex.o
 .text.HAL_NVIC_SetPriorityGrouping
                0x080051f4       0x16 ./Drivers/STM32H7xx_HAL_Driver/Src/stm32h7xx_hal_cortex.o
                0x080051f4                HAL_NVIC_SetPriorityGrouping
 .text.HAL_NVIC_SetPriority
                0x0800520a       0x34 ./Drivers/STM32H7xx_HAL_Driver/Src/stm32h7xx_hal_cortex.o
                0x0800520a                HAL_NVIC_SetPriority
 .text.HAL_NVIC_EnableIRQ
                0x0800523e       0x1c ./Drivers/STM32H7xx_HAL_Driver/Src/stm32h7xx_hal_cortex.o
                0x0800523e                HAL_NVIC_EnableIRQ
 .text.HAL_SYSTICK_Config
                0x0800525a       0x18 ./Drivers/STM32H7xx_HAL_Driver/Src/stm32h7xx_hal_cortex.o
                0x0800525a                HAL_SYSTICK_Config
 *fill*         0x08005272        0x2 
 .text.HAL_MPU_Disable
                0x08005274       0x30 ./Drivers/STM32H7xx_HAL_Driver/Src/stm32h7xx_hal_cortex.o
                0x08005274                HAL_MPU_Disable
 .text.HAL_MPU_Enable
                0x080052a4       0x40 ./Drivers/STM32H7xx_HAL_Driver/Src/stm32h7xx_hal_cortex.o
                0x080052a4                HAL_MPU_Enable
 .text.HAL_MPU_ConfigRegion
                0x080052e4       0x80 ./Drivers/STM32H7xx_HAL_Driver/Src/stm32h7xx_hal_cortex.o
                0x080052e4                HAL_MPU_ConfigRegion
 .text.HAL_DMA_Init
                0x08005364      0x6b8 ./Drivers/STM32H7xx_HAL_Driver/Src/stm32h7xx_hal_dma.o
                0x08005364                HAL_DMA_Init
 .text.HAL_DMA_Start_IT
                0x08005a1c      0x4d4 ./Drivers/STM32H7xx_HAL_Driver/Src/stm32h7xx_hal_dma.o
                0x08005a1c                HAL_DMA_Start_IT
 .text.HAL_DMA_IRQHandler
                0x08005ef0      0xe54 ./Drivers/STM32H7xx_HAL_Driver/Src/stm32h7xx_hal_dma.o
                0x08005ef0                HAL_DMA_IRQHandler
 .text.DMA_SetConfig
                0x08006d44      0x358 ./Drivers/STM32H7xx_HAL_Driver/Src/stm32h7xx_hal_dma.o
 .text.DMA_CalcBaseAndBitshift
                0x0800709c      0x164 ./Drivers/STM32H7xx_HAL_Driver/Src/stm32h7xx_hal_dma.o
 .text.DMA_CheckFifoParam
                0x08007200       0xf8 ./Drivers/STM32H7xx_HAL_Driver/Src/stm32h7xx_hal_dma.o
 .text.DMA_CalcDMAMUXChannelBaseAndMask
                0x080072f8      0x134 ./Drivers/STM32H7xx_HAL_Driver/Src/stm32h7xx_hal_dma.o
 .text.DMA_CalcDMAMUXRequestGenBaseAndMask
                0x0800742c       0xe8 ./Drivers/STM32H7xx_HAL_Driver/Src/stm32h7xx_hal_dma.o
 .text.HAL_DMA2D_Init
                0x08007514       0xc8 ./Drivers/STM32H7xx_HAL_Driver/Src/stm32h7xx_hal_dma2d.o
                0x08007514                HAL_DMA2D_Init
 .text.HAL_DMA2D_MspInit
                0x080075dc       0x14 ./Drivers/STM32H7xx_HAL_Driver/Src/stm32h7xx_hal_dma2d.o
                0x080075dc                HAL_DMA2D_MspInit
 .text.HAL_DMA2D_Start
                0x080075f0       0x56 ./Drivers/STM32H7xx_HAL_Driver/Src/stm32h7xx_hal_dma2d.o
                0x080075f0                HAL_DMA2D_Start
 .text.HAL_DMA2D_PollForTransfer
                0x08007646      0x1d2 ./Drivers/STM32H7xx_HAL_Driver/Src/stm32h7xx_hal_dma2d.o
                0x08007646                HAL_DMA2D_PollForTransfer
 .text.HAL_DMA2D_ConfigLayer
                0x08007818      0x15c ./Drivers/STM32H7xx_HAL_Driver/Src/stm32h7xx_hal_dma2d.o
                0x08007818                HAL_DMA2D_ConfigLayer
 .text.DMA2D_SetConfig
                0x08007974      0x14c ./Drivers/STM32H7xx_HAL_Driver/Src/stm32h7xx_hal_dma2d.o
 .text.HAL_GPIO_Init
                0x08007ac0      0x360 ./Drivers/STM32H7xx_HAL_Driver/Src/stm32h7xx_hal_gpio.o
                0x08007ac0                HAL_GPIO_Init
 .text.HAL_GPIO_WritePin
                0x08007e20       0x32 ./Drivers/STM32H7xx_HAL_Driver/Src/stm32h7xx_hal_gpio.o
                0x08007e20                HAL_GPIO_WritePin
 *fill*         0x08007e52        0x2 
 .text.HAL_I2C_Init
                0x08007e54      0x138 ./Drivers/STM32H7xx_HAL_Driver/Src/stm32h7xx_hal_i2c.o
                0x08007e54                HAL_I2C_Init
 .text.HAL_I2C_MspInit
                0x08007f8c       0x14 ./Drivers/STM32H7xx_HAL_Driver/Src/stm32h7xx_hal_i2c.o
                0x08007f8c                HAL_I2C_MspInit
 .text.HAL_I2C_Mem_Read
                0x08007fa0      0x234 ./Drivers/STM32H7xx_HAL_Driver/Src/stm32h7xx_hal_i2c.o
                0x08007fa0                HAL_I2C_Mem_Read
 .text.HAL_I2C_GetState
                0x080081d4       0x1c ./Drivers/STM32H7xx_HAL_Driver/Src/stm32h7xx_hal_i2c.o
                0x080081d4                HAL_I2C_GetState
 .text.HAL_I2C_GetError
                0x080081f0       0x18 ./Drivers/STM32H7xx_HAL_Driver/Src/stm32h7xx_hal_i2c.o
                0x080081f0                HAL_I2C_GetError
 .text.I2C_RequestMemoryRead
                0x08008208       0xa8 ./Drivers/STM32H7xx_HAL_Driver/Src/stm32h7xx_hal_i2c.o
 .text.I2C_Flush_TXDR
                0x080082b0       0x48 ./Drivers/STM32H7xx_HAL_Driver/Src/stm32h7xx_hal_i2c.o
 .text.I2C_WaitOnFlagUntilTimeout
                0x080082f8       0xb2 ./Drivers/STM32H7xx_HAL_Driver/Src/stm32h7xx_hal_i2c.o
 .text.I2C_WaitOnTXISFlagUntilTimeout
                0x080083aa       0x8e ./Drivers/STM32H7xx_HAL_Driver/Src/stm32h7xx_hal_i2c.o
 .text.I2C_WaitOnSTOPFlagUntilTimeout
                0x08008438       0x86 ./Drivers/STM32H7xx_HAL_Driver/Src/stm32h7xx_hal_i2c.o
 *fill*         0x080084be        0x2 
 .text.I2C_IsErrorOccurred
                0x080084c0      0x1c0 ./Drivers/STM32H7xx_HAL_Driver/Src/stm32h7xx_hal_i2c.o
 .text.I2C_TransferConfig
                0x08008680       0x64 ./Drivers/STM32H7xx_HAL_Driver/Src/stm32h7xx_hal_i2c.o
 .text.HAL_I2CEx_ConfigAnalogFilter
                0x080086e4       0x96 ./Drivers/STM32H7xx_HAL_Driver/Src/stm32h7xx_hal_i2c_ex.o
                0x080086e4                HAL_I2CEx_ConfigAnalogFilter
 .text.HAL_I2CEx_ConfigDigitalFilter
                0x0800877a       0x98 ./Drivers/STM32H7xx_HAL_Driver/Src/stm32h7xx_hal_i2c_ex.o
                0x0800877a                HAL_I2CEx_ConfigDigitalFilter
 .text.HAL_LTDC_Init
                0x08008812      0x13a ./Drivers/STM32H7xx_HAL_Driver/Src/stm32h7xx_hal_ltdc.o
                0x08008812                HAL_LTDC_Init
 .text.HAL_LTDC_MspInit
                0x0800894c       0x14 ./Drivers/STM32H7xx_HAL_Driver/Src/stm32h7xx_hal_ltdc.o
                0x0800894c                HAL_LTDC_MspInit
 .text.HAL_LTDC_ConfigLayer
                0x08008960       0x7c ./Drivers/STM32H7xx_HAL_Driver/Src/stm32h7xx_hal_ltdc.o
                0x08008960                HAL_LTDC_ConfigLayer
 .text.LTDC_SetConfig
                0x080089dc      0x2ec ./Drivers/STM32H7xx_HAL_Driver/Src/stm32h7xx_hal_ltdc.o
 .text.HAL_MDMA_Init
                0x08008cc8       0x98 ./Drivers/STM32H7xx_HAL_Driver/Src/stm32h7xx_hal_mdma.o
                0x08008cc8                HAL_MDMA_Init
 .text.HAL_MDMA_DeInit
                0x08008d60       0xb0 ./Drivers/STM32H7xx_HAL_Driver/Src/stm32h7xx_hal_mdma.o
                0x08008d60                HAL_MDMA_DeInit
 .text.MDMA_Init
                0x08008e10      0x130 ./Drivers/STM32H7xx_HAL_Driver/Src/stm32h7xx_hal_mdma.o
 .text.HAL_PWREx_ConfigSupply
                0x08008f40       0x74 ./Drivers/STM32H7xx_HAL_Driver/Src/stm32h7xx_hal_pwr_ex.o
                0x08008f40                HAL_PWREx_ConfigSupply
 .text.HAL_RCC_OscConfig
                0x08008fb4      0x8b4 ./Drivers/STM32H7xx_HAL_Driver/Src/stm32h7xx_hal_rcc.o
                0x08008fb4                HAL_RCC_OscConfig
 .text.HAL_RCC_ClockConfig
                0x08009868      0x36c ./Drivers/STM32H7xx_HAL_Driver/Src/stm32h7xx_hal_rcc.o
                0x08009868                HAL_RCC_ClockConfig
 .text.HAL_RCC_GetSysClockFreq
                0x08009bd4      0x2f4 ./Drivers/STM32H7xx_HAL_Driver/Src/stm32h7xx_hal_rcc.o
                0x08009bd4                HAL_RCC_GetSysClockFreq
 .text.HAL_RCC_GetHCLKFreq
                0x08009ec8       0x60 ./Drivers/STM32H7xx_HAL_Driver/Src/stm32h7xx_hal_rcc.o
                0x08009ec8                HAL_RCC_GetHCLKFreq
 .text.HAL_RCC_GetPCLK1Freq
                0x08009f28       0x2c ./Drivers/STM32H7xx_HAL_Driver/Src/stm32h7xx_hal_rcc.o
                0x08009f28                HAL_RCC_GetPCLK1Freq
 .text.HAL_RCC_GetPCLK2Freq
                0x08009f54       0x2c ./Drivers/STM32H7xx_HAL_Driver/Src/stm32h7xx_hal_rcc.o
                0x08009f54                HAL_RCC_GetPCLK2Freq
 .text.HAL_RCCEx_PeriphCLKConfig
                0x08009f80     0x1414 ./Drivers/STM32H7xx_HAL_Driver/Src/stm32h7xx_hal_rcc_ex.o
                0x08009f80                HAL_RCCEx_PeriphCLKConfig
 .text.HAL_RCCEx_GetPeriphCLKFreq
                0x0800b394      0xb00 ./Drivers/STM32H7xx_HAL_Driver/Src/stm32h7xx_hal_rcc_ex.o
                0x0800b394                HAL_RCCEx_GetPeriphCLKFreq
 .text.HAL_RCCEx_GetD3PCLK1Freq
                0x0800be94       0x2c ./Drivers/STM32H7xx_HAL_Driver/Src/stm32h7xx_hal_rcc_ex.o
                0x0800be94                HAL_RCCEx_GetD3PCLK1Freq
 .text.HAL_RCCEx_GetPLL2ClockFreq
                0x0800bec0      0x2a8 ./Drivers/STM32H7xx_HAL_Driver/Src/stm32h7xx_hal_rcc_ex.o
                0x0800bec0                HAL_RCCEx_GetPLL2ClockFreq
 .text.HAL_RCCEx_GetPLL3ClockFreq
                0x0800c168      0x2a8 ./Drivers/STM32H7xx_HAL_Driver/Src/stm32h7xx_hal_rcc_ex.o
                0x0800c168                HAL_RCCEx_GetPLL3ClockFreq
 .text.HAL_RCCEx_GetPLL1ClockFreq
                0x0800c410      0x2a4 ./Drivers/STM32H7xx_HAL_Driver/Src/stm32h7xx_hal_rcc_ex.o
                0x0800c410                HAL_RCCEx_GetPLL1ClockFreq
 .text.RCCEx_PLL2_Config
                0x0800c6b4      0x164 ./Drivers/STM32H7xx_HAL_Driver/Src/stm32h7xx_hal_rcc_ex.o
 .text.RCCEx_PLL3_Config
                0x0800c818      0x164 ./Drivers/STM32H7xx_HAL_Driver/Src/stm32h7xx_hal_rcc_ex.o
 .text.HAL_SDRAM_Init
                0x0800c97c       0x78 ./Drivers/STM32H7xx_HAL_Driver/Src/stm32h7xx_hal_sdram.o
                0x0800c97c                HAL_SDRAM_Init
 .text.HAL_SDRAM_MspInit
                0x0800c9f4       0x14 ./Drivers/STM32H7xx_HAL_Driver/Src/stm32h7xx_hal_sdram.o
                0x0800c9f4                HAL_SDRAM_MspInit
 .text.HAL_SDRAM_SendCommand
                0x0800ca08       0x6a ./Drivers/STM32H7xx_HAL_Driver/Src/stm32h7xx_hal_sdram.o
                0x0800ca08                HAL_SDRAM_SendCommand
 .text.HAL_SDRAM_ProgramRefreshRate
                0x0800ca72       0x50 ./Drivers/STM32H7xx_HAL_Driver/Src/stm32h7xx_hal_sdram.o
                0x0800ca72                HAL_SDRAM_ProgramRefreshRate
 .text.HAL_TIM_PWM_Init
                0x0800cac2       0xae ./Drivers/STM32H7xx_HAL_Driver/Src/stm32h7xx_hal_tim.o
                0x0800cac2                HAL_TIM_PWM_Init
 .text.HAL_TIM_PWM_DeInit
                0x0800cb70       0xb8 ./Drivers/STM32H7xx_HAL_Driver/Src/stm32h7xx_hal_tim.o
                0x0800cb70                HAL_TIM_PWM_DeInit
 .text.HAL_TIM_PWM_MspInit
                0x0800cc28       0x14 ./Drivers/STM32H7xx_HAL_Driver/Src/stm32h7xx_hal_tim.o
                0x0800cc28                HAL_TIM_PWM_MspInit
 .text.HAL_TIM_PWM_MspDeInit
                0x0800cc3c       0x14 ./Drivers/STM32H7xx_HAL_Driver/Src/stm32h7xx_hal_tim.o
                0x0800cc3c                HAL_TIM_PWM_MspDeInit
 .text.TIM_Base_SetConfig
                0x0800cc50      0x140 ./Drivers/STM32H7xx_HAL_Driver/Src/stm32h7xx_hal_tim.o
                0x0800cc50                TIM_Base_SetConfig
 .text.FMC_SDRAM_Init
                0x0800cd90       0xb8 ./Drivers/STM32H7xx_HAL_Driver/Src/stm32h7xx_ll_fmc.o
                0x0800cd90                FMC_SDRAM_Init
 .text.FMC_SDRAM_Timing_Init
                0x0800ce48       0xd4 ./Drivers/STM32H7xx_HAL_Driver/Src/stm32h7xx_ll_fmc.o
                0x0800ce48                FMC_SDRAM_Timing_Init
 .text.FMC_SDRAM_SendCommand
                0x0800cf1c       0x48 ./Drivers/STM32H7xx_HAL_Driver/Src/stm32h7xx_ll_fmc.o
                0x0800cf1c                FMC_SDRAM_SendCommand
 .text.FMC_SDRAM_ProgramRefreshRate
                0x0800cf64       0x30 ./Drivers/STM32H7xx_HAL_Driver/Src/stm32h7xx_ll_fmc.o
                0x0800cf64                FMC_SDRAM_ProgramRefreshRate
 .text.memset   0x0800cf94       0x10 C:/ST/STM32CubeIDE_1.19.0/STM32CubeIDE/plugins/com.st.stm32cube.ide.mcu.externaltools.gnu-tools-for-stm32.13.3.rel1.win32_1.0.0.202411081344/tools/bin/../lib/gcc/arm-none-eabi/13.3.1/../../../../arm-none-eabi/lib/thumb/v7e-m+dp/hard\libc_nano.a(libc_a-memset.o)
                0x0800cf94                memset
 .text.__errno  0x0800cfa4        0xc C:/ST/STM32CubeIDE_1.19.0/STM32CubeIDE/plugins/com.st.stm32cube.ide.mcu.externaltools.gnu-tools-for-stm32.13.3.rel1.win32_1.0.0.202411081344/tools/bin/../lib/gcc/arm-none-eabi/13.3.1/../../../../arm-none-eabi/lib/thumb/v7e-m+dp/hard\libc_nano.a(libc_a-errno.o)
                0x0800cfa4                __errno
 .text.__libc_init_array
                0x0800cfb0       0x48 C:/ST/STM32CubeIDE_1.19.0/STM32CubeIDE/plugins/com.st.stm32cube.ide.mcu.externaltools.gnu-tools-for-stm32.13.3.rel1.win32_1.0.0.202411081344/tools/bin/../lib/gcc/arm-none-eabi/13.3.1/../../../../arm-none-eabi/lib/thumb/v7e-m+dp/hard\libc_nano.a(libc_a-init.o)
                0x0800cfb0                __libc_init_array
 .text.sinf_poly
                0x0800cff8       0x54 C:/ST/STM32CubeIDE_1.19.0/STM32CubeIDE/plugins/com.st.stm32cube.ide.mcu.externaltools.gnu-tools-for-stm32.13.3.rel1.win32_1.0.0.202411081344/tools/bin/../lib/gcc/arm-none-eabi/13.3.1/../../../../arm-none-eabi/lib/thumb/v7e-m+dp/hard\libm.a(libm_a-sinf.o)
 *fill*         0x0800d04c        0x4 
 .text.sinf     0x0800d050      0x130 C:/ST/STM32CubeIDE_1.19.0/STM32CubeIDE/plugins/com.st.stm32cube.ide.mcu.externaltools.gnu-tools-for-stm32.13.3.rel1.win32_1.0.0.202411081344/tools/bin/../lib/gcc/arm-none-eabi/13.3.1/../../../../arm-none-eabi/lib/thumb/v7e-m+dp/hard\libm.a(libm_a-sinf.o)
                0x0800d050                sinf
 .text.sinf_poly
                0x0800d180       0x54 C:/ST/STM32CubeIDE_1.19.0/STM32CubeIDE/plugins/com.st.stm32cube.ide.mcu.externaltools.gnu-tools-for-stm32.13.3.rel1.win32_1.0.0.202411081344/tools/bin/../lib/gcc/arm-none-eabi/13.3.1/../../../../arm-none-eabi/lib/thumb/v7e-m+dp/hard\libm.a(libm_a-cosf.o)
 *fill*         0x0800d1d4        0x4 
 .text.cosf     0x0800d1d8      0x140 C:/ST/STM32CubeIDE_1.19.0/STM32CubeIDE/plugins/com.st.stm32cube.ide.mcu.externaltools.gnu-tools-for-stm32.13.3.rel1.win32_1.0.0.202411081344/tools/bin/../lib/gcc/arm-none-eabi/13.3.1/../../../../arm-none-eabi/lib/thumb/v7e-m+dp/hard\libm.a(libm_a-cosf.o)
                0x0800d1d8                cosf
 .text.with_errnof
                0x0800d318       0x1c C:/ST/STM32CubeIDE_1.19.0/STM32CubeIDE/plugins/com.st.stm32cube.ide.mcu.externaltools.gnu-tools-for-stm32.13.3.rel1.win32_1.0.0.202411081344/tools/bin/../lib/gcc/arm-none-eabi/13.3.1/../../../../arm-none-eabi/lib/thumb/v7e-m+dp/hard\libm.a(libm_a-math_errf.o)
 .text.__math_invalidf
                0x0800d334       0x1e C:/ST/STM32CubeIDE_1.19.0/STM32CubeIDE/plugins/com.st.stm32cube.ide.mcu.externaltools.gnu-tools-for-stm32.13.3.rel1.win32_1.0.0.202411081344/tools/bin/../lib/gcc/arm-none-eabi/13.3.1/../../../../arm-none-eabi/lib/thumb/v7e-m+dp/hard\libm.a(libm_a-math_errf.o)
                0x0800d334                __math_invalidf
 *(.glue_7)
 .glue_7        0x0800d352        0x0 linker stubs
 *(.glue_7t)
 .glue_7t       0x0800d352        0x0 linker stubs
 *(.eh_frame)
 *fill*         0x0800d352        0x2 
 .eh_frame      0x0800d354        0x0 C:/ST/STM32CubeIDE_1.19.0/STM32CubeIDE/plugins/com.st.stm32cube.ide.mcu.externaltools.gnu-tools-for-stm32.13.3.rel1.win32_1.0.0.202411081344/tools/bin/../lib/gcc/arm-none-eabi/13.3.1/thumb/v7e-m+dp/hard/crtbegin.o
 *(.init)
 .init          0x0800d354        0x4 C:/ST/STM32CubeIDE_1.19.0/STM32CubeIDE/plugins/com.st.stm32cube.ide.mcu.externaltools.gnu-tools-for-stm32.13.3.rel1.win32_1.0.0.202411081344/tools/bin/../lib/gcc/arm-none-eabi/13.3.1/thumb/v7e-m+dp/hard/crti.o
                0x0800d354                _init
 .init          0x0800d358        0x8 C:/ST/STM32CubeIDE_1.19.0/STM32CubeIDE/plugins/com.st.stm32cube.ide.mcu.externaltools.gnu-tools-for-stm32.13.3.rel1.win32_1.0.0.202411081344/tools/bin/../lib/gcc/arm-none-eabi/13.3.1/thumb/v7e-m+dp/hard/crtn.o
 *(.fini)
 .fini          0x0800d360        0x4 C:/ST/STM32CubeIDE_1.19.0/STM32CubeIDE/plugins/com.st.stm32cube.ide.mcu.externaltools.gnu-tools-for-stm32.13.3.rel1.win32_1.0.0.202411081344/tools/bin/../lib/gcc/arm-none-eabi/13.3.1/thumb/v7e-m+dp/hard/crti.o
                0x0800d360                _fini
 .fini          0x0800d364        0x8 C:/ST/STM32CubeIDE_1.19.0/STM32CubeIDE/plugins/com.st.stm32cube.ide.mcu.externaltools.gnu-tools-for-stm32.13.3.rel1.win32_1.0.0.202411081344/tools/bin/../lib/gcc/arm-none-eabi/13.3.1/thumb/v7e-m+dp/hard/crtn.o
                0x0800d36c                        . = ALIGN (0x4)
                0x0800d36c                        _etext = .

.vfp11_veneer   0x0800d36c        0x0
 .vfp11_veneer  0x0800d36c        0x0 linker stubs

.v4_bx          0x0800d36c        0x0
 .v4_bx         0x0800d36c        0x0 linker stubs

.iplt           0x0800d36c        0x0
 .iplt          0x0800d36c        0x0 C:/ST/STM32CubeIDE_1.19.0/STM32CubeIDE/plugins/com.st.stm32cube.ide.mcu.externaltools.gnu-tools-for-stm32.13.3.rel1.win32_1.0.0.202411081344/tools/bin/../lib/gcc/arm-none-eabi/13.3.1/thumb/v7e-m+dp/hard/crtbegin.o

.rodata         0x0800d370      0x208
                0x0800d370                        . = ALIGN (0x4)
 *(.rodata)
 *(.rodata*)
 .rodata.I2C_Charac
                0x0800d370       0x84 ./Core/Src/stm32h750b_discovery_bus.o
 .rodata.LCD_Driver
                0x0800d3f4       0x2c ./Core/Src/stm32h750b_discovery_lcd.o
                0x0800d3f4                LCD_Driver
 .rodata.D1CorePrescTable
                0x0800d420       0x10 ./Core/Src/system_stm32h7xx.o
                0x0800d420                D1CorePrescTable
 .rodata.flagBitshiftOffset.0
                0x0800d430        0x8 ./Drivers/STM32H7xx_HAL_Driver/Src/stm32h7xx_hal_dma.o
 .rodata.__inv_pio4
                0x0800d438       0x60 C:/ST/STM32CubeIDE_1.19.0/STM32CubeIDE/plugins/com.st.stm32cube.ide.mcu.externaltools.gnu-tools-for-stm32.13.3.rel1.win32_1.0.0.202411081344/tools/bin/../lib/gcc/arm-none-eabi/13.3.1/../../../../arm-none-eabi/lib/thumb/v7e-m+dp/hard\libm.a(libm_a-sincosf_data.o)
                0x0800d438                __inv_pio4
 .rodata.__sincosf_table
                0x0800d498       0xe0 C:/ST/STM32CubeIDE_1.19.0/STM32CubeIDE/plugins/com.st.stm32cube.ide.mcu.externaltools.gnu-tools-for-stm32.13.3.rel1.win32_1.0.0.202411081344/tools/bin/../lib/gcc/arm-none-eabi/13.3.1/../../../../arm-none-eabi/lib/thumb/v7e-m+dp/hard\libm.a(libm_a-sincosf_data.o)
                0x0800d498                __sincosf_table
                0x0800d578                        . = ALIGN (0x4)

.ARM.extab
 *(.ARM.extab* .gnu.linkonce.armextab.*)

.ARM            0x0800d578        0x0
                0x0800d578                        __exidx_start = .
 *(.ARM.exidx*)
                0x0800d578                        __exidx_end = .

.preinit_array  0x0800d578        0x0
                0x0800d578                        PROVIDE (__preinit_array_start = .)
 *(.preinit_array*)
                0x0800d578                        PROVIDE (__preinit_array_end = .)

.init_array     0x0800d578        0x4
                0x0800d578                        PROVIDE (__init_array_start = .)
 *(SORT_BY_NAME(.init_array.*))
 *(.init_array*)
 .init_array    0x0800d578        0x4 C:/ST/STM32CubeIDE_1.19.0/STM32CubeIDE/plugins/com.st.stm32cube.ide.mcu.externaltools.gnu-tools-for-stm32.13.3.rel1.win32_1.0.0.202411081344/tools/bin/../lib/gcc/arm-none-eabi/13.3.1/thumb/v7e-m+dp/hard/crtbegin.o
                0x0800d57c                        PROVIDE (__init_array_end = .)

.fini_array     0x0800d57c        0x4
                [!provide]                        PROVIDE (__fini_array_start = .)
 *(SORT_BY_NAME(.fini_array.*))
 *(.fini_array*)
 .fini_array    0x0800d57c        0x4 C:/ST/STM32CubeIDE_1.19.0/STM32CubeIDE/plugins/com.st.stm32cube.ide.mcu.externaltools.gnu-tools-for-stm32.13.3.rel1.win32_1.0.0.202411081344/tools/bin/../lib/gcc/arm-none-eabi/13.3.1/thumb/v7e-m+dp/hard/crtbegin.o
                [!provide]                        PROVIDE (__fini_array_end = .)
                0x0800d580                        _sidata = LOADADDR (.data)

.rel.dyn        0x0800d580        0x0
 .rel.iplt      0x0800d580        0x0 C:/ST/STM32CubeIDE_1.19.0/STM32CubeIDE/plugins/com.st.stm32cube.ide.mcu.externaltools.gnu-tools-for-stm32.13.3.rel1.win32_1.0.0.202411081344/tools/bin/../lib/gcc/arm-none-eabi/13.3.1/thumb/v7e-m+dp/hard/crtbegin.o

.data           0x24000000       0x6c load address 0x0800d580
                0x24000000                        . = ALIGN (0x4)
                0x24000000                        _sdata = .
 *(.data)
 *(.data*)
 .data.angles_deg
                0x24000000        0xc ./Core/Src/main.o
                0x24000000                angles_deg
 .data.SystemCoreClock
                0x2400000c        0x4 ./Core/Src/system_stm32h7xx.o
                0x2400000c                SystemCoreClock
 .data.SystemD2Clock
                0x24000010        0x4 ./Core/Src/system_stm32h7xx.o
                0x24000010                SystemD2Clock
 .data.uwTickPrio
                0x24000014        0x4 ./Drivers/STM32H7xx_HAL_Driver/Src/stm32h7xx_hal.o
                0x24000014                uwTickPrio
 .data.uwTickFreq
                0x24000018        0x1 ./Drivers/STM32H7xx_HAL_Driver/Src/stm32h7xx_hal.o
                0x24000018                uwTickFreq
 *fill*         0x24000019        0x3 
 .data._impure_ptr
                0x2400001c        0x4 C:/ST/STM32CubeIDE_1.19.0/STM32CubeIDE/plugins/com.st.stm32cube.ide.mcu.externaltools.gnu-tools-for-stm32.13.3.rel1.win32_1.0.0.202411081344/tools/bin/../lib/gcc/arm-none-eabi/13.3.1/../../../../arm-none-eabi/lib/thumb/v7e-m+dp/hard\libc_nano.a(libc_a-impure.o)
                0x2400001c                _impure_ptr
 .data._impure_data
                0x24000020       0x4c C:/ST/STM32CubeIDE_1.19.0/STM32CubeIDE/plugins/com.st.stm32cube.ide.mcu.externaltools.gnu-tools-for-stm32.13.3.rel1.win32_1.0.0.202411081344/tools/bin/../lib/gcc/arm-none-eabi/13.3.1/../../../../arm-none-eabi/lib/thumb/v7e-m+dp/hard\libc_nano.a(libc_a-impure.o)
                0x24000020                _impure_data
 *(.RamFunc)
 *(.RamFunc*)
                0x2400006c                        . = ALIGN (0x4)
                0x2400006c                        _edata = .

.igot.plt       0x2400006c        0x0 load address 0x0800d5ec
 .igot.plt      0x2400006c        0x0 C:/ST/STM32CubeIDE_1.19.0/STM32CubeIDE/plugins/com.st.stm32cube.ide.mcu.externaltools.gnu-tools-for-stm32.13.3.rel1.win32_1.0.0.202411081344/tools/bin/../lib/gcc/arm-none-eabi/13.3.1/thumb/v7e-m+dp/hard/crtbegin.o
                0x2400006c                        . = ALIGN (0x4)

.bss            0x2400006c      0xf80 load address 0x0800d5ec
                0x2400006c                        _sbss = .
                0x2400006c                        __bss_start__ = _sbss
 *(.bss)
 .bss           0x2400006c       0x1c C:/ST/STM32CubeIDE_1.19.0/STM32CubeIDE/plugins/com.st.stm32cube.ide.mcu.externaltools.gnu-tools-for-stm32.13.3.rel1.win32_1.0.0.202411081344/tools/bin/../lib/gcc/arm-none-eabi/13.3.1/thumb/v7e-m+dp/hard/crtbegin.o
 *(.bss*)
 .bss.Command   0x24000088       0x10 ./Core/Components/mt48lc4m32b2/mt48lc4m32b2.o
 .bss.hadc1     0x24000098       0x64 ./Core/Src/main.o
                0x24000098                hadc1
 .bss.hdma_adc1
                0x240000fc       0x78 ./Core/Src/main.o
                0x240000fc                hdma_adc1
 .bss.baselines
                0x24000174        0xc ./Core/Src/main.o
                0x24000174                baselines
 .bss.racunaj   0x24000180        0xc ./Core/Src/main.o
                0x24000180                racunaj
 .bss.jakost    0x2400018c        0x4 ./Core/Src/main.o
                0x2400018c                jakost
 .bss.tocke     0x24000190       0x1c ./Core/Src/main.o
                0x24000190                tocke
 .bss.DrawProp  0x240001ac       0x40 ./Core/Src/stm32_lcd.o
 .bss.FuncDriver
                0x240001ec       0x2c ./Core/Src/stm32_lcd.o
 .bss.I2c4InitCounter
                0x24000218        0x4 ./Core/Src/stm32h750b_discovery_bus.o
 .bss.I2c_valid_timing
                0x2400021c      0xa00 ./Core/Src/stm32h750b_discovery_bus.o
 .bss.I2c_valid_timing_nbr
                0x24000c1c        0x4 ./Core/Src/stm32h750b_discovery_bus.o
 .bss.hbus_i2c4
                0x24000c20       0x54 ./Core/Src/stm32h750b_discovery_bus.o
                0x24000c20                hbus_i2c4
 .bss.hlcd_tim  0x24000c74       0x4c ./Core/Src/stm32h750b_discovery_lcd.o
 .bss.hlcd_dma2d
                0x24000cc0       0x68 ./Core/Src/stm32h750b_discovery_lcd.o
                0x24000cc0                hlcd_dma2d
 .bss.hlcd_ltdc
                0x24000d28       0xa8 ./Core/Src/stm32h750b_discovery_lcd.o
                0x24000d28                hlcd_ltdc
 .bss.Lcd_Ctx   0x24000dd0       0x20 ./Core/Src/stm32h750b_discovery_lcd.o
                0x24000dd0                Lcd_Ctx
 .bss.hsdram    0x24000df0       0x34 ./Core/Src/stm32h750b_discovery_sdram.o
                0x24000df0                hsdram
 .bss.pRegMode.2
                0x24000e24       0x20 ./Core/Src/stm32h750b_discovery_sdram.o
 .bss.mdma_handle.1
                0x24000e44       0x6c ./Core/Src/stm32h750b_discovery_sdram.o
 .bss.uwTick    0x24000eb0        0x4 ./Drivers/STM32H7xx_HAL_Driver/Src/stm32h7xx_hal.o
                0x24000eb0                uwTick
 .bss.__sf      0x24000eb4      0x138 C:/ST/STM32CubeIDE_1.19.0/STM32CubeIDE/plugins/com.st.stm32cube.ide.mcu.externaltools.gnu-tools-for-stm32.13.3.rel1.win32_1.0.0.202411081344/tools/bin/../lib/gcc/arm-none-eabi/13.3.1/../../../../arm-none-eabi/lib/thumb/v7e-m+dp/hard\libc_nano.a(libc_a-findfp.o)
                0x24000eb4                __sf
 *(COMMON)
                0x24000fec                        . = ALIGN (0x4)
                0x24000fec                        _ebss = .
                0x24000fec                        __bss_end__ = _ebss

.dma_buffer     0x30000000       0x20
                0x30000000                        . = ALIGN (0x20)
 *(.dma_buffer)
 .dma_buffer    0x30000000        0x6 ./Core/Src/main.o
                0x30000000                adc_buffer
                0x30000020                        . = ALIGN (0x20)
 *fill*         0x30000006       0x1a 

._user_heap_stack
                0x24000fec      0x604
                0x24000ff0                        . = ALIGN (0x8)
 *fill*         0x24000fec        0x4 
                [!provide]                        PROVIDE (end = .)
                0x24000ff0                        PROVIDE (_end = .)
                0x240011f0                        . = (. + _Min_Heap_Size)
 *fill*         0x24000ff0      0x200 
                0x240015f0                        . = (. + _Min_Stack_Size)
 *fill*         0x240011f0      0x400 
                0x240015f0                        . = ALIGN (0x8)

/DISCARD/
 libc.a(*)
 libm.a(*)
 libgcc.a(*)

.ARM.attributes
                0x00000000       0x2e
 *(.ARM.attributes)
 .ARM.attributes
                0x00000000       0x20 C:/ST/STM32CubeIDE_1.19.0/STM32CubeIDE/plugins/com.st.stm32cube.ide.mcu.externaltools.gnu-tools-for-stm32.13.3.rel1.win32_1.0.0.202411081344/tools/bin/../lib/gcc/arm-none-eabi/13.3.1/thumb/v7e-m+dp/hard/crti.o
 .ARM.attributes
                0x00000020       0x32 C:/ST/STM32CubeIDE_1.19.0/STM32CubeIDE/plugins/com.st.stm32cube.ide.mcu.externaltools.gnu-tools-for-stm32.13.3.rel1.win32_1.0.0.202411081344/tools/bin/../lib/gcc/arm-none-eabi/13.3.1/thumb/v7e-m+dp/hard/crtbegin.o
 .ARM.attributes
                0x00000052       0x32 ./Core/Components/ft5336/ft5336.o
 .ARM.attributes
                0x00000084       0x32 ./Core/Components/ft5336/ft5336_reg.o
 .ARM.attributes
                0x000000b6       0x32 ./Core/Components/mt48lc4m32b2/mt48lc4m32b2.o
 .ARM.attributes
                0x000000e8       0x32 ./Core/Src/display.o
 .ARM.attributes
                0x0000011a       0x32 ./Core/Src/main.o
 .ARM.attributes
                0x0000014c       0x32 ./Core/Src/stm32_lcd.o
 .ARM.attributes
                0x0000017e       0x32 ./Core/Src/stm32h750b_discovery_bus.o
 .ARM.attributes
                0x000001b0       0x32 ./Core/Src/stm32h750b_discovery_lcd.o
 .ARM.attributes
                0x000001e2       0x32 ./Core/Src/stm32h750b_discovery_sdram.o
 .ARM.attributes
                0x00000214       0x32 ./Core/Src/stm32h7xx_hal_msp.o
 .ARM.attributes
                0x00000246       0x32 ./Core/Src/stm32h7xx_it.o
 .ARM.attributes
                0x00000278       0x32 ./Core/Src/system_stm32h7xx.o
 .ARM.attributes
                0x000002aa       0x21 ./Core/Startup/startup_stm32h750xbhx.o
 .ARM.attributes
                0x000002cb       0x32 ./Drivers/STM32H7xx_HAL_Driver/Src/stm32h7xx_hal.o
 .ARM.attributes
                0x000002fd       0x32 ./Drivers/STM32H7xx_HAL_Driver/Src/stm32h7xx_hal_adc.o
 .ARM.attributes
                0x0000032f       0x32 ./Drivers/STM32H7xx_HAL_Driver/Src/stm32h7xx_hal_adc_ex.o
 .ARM.attributes
                0x00000361       0x32 ./Drivers/STM32H7xx_HAL_Driver/Src/stm32h7xx_hal_cortex.o
 .ARM.attributes
                0x00000393       0x32 ./Drivers/STM32H7xx_HAL_Driver/Src/stm32h7xx_hal_dma.o
 .ARM.attributes
                0x000003c5       0x32 ./Drivers/STM32H7xx_HAL_Driver/Src/stm32h7xx_hal_dma2d.o
 .ARM.attributes
                0x000003f7       0x32 ./Drivers/STM32H7xx_HAL_Driver/Src/stm32h7xx_hal_gpio.o
 .ARM.attributes
                0x00000429       0x32 ./Drivers/STM32H7xx_HAL_Driver/Src/stm32h7xx_hal_i2c.o
 .ARM.attributes
                0x0000045b       0x32 ./Drivers/STM32H7xx_HAL_Driver/Src/stm32h7xx_hal_i2c_ex.o
 .ARM.attributes
                0x0000048d       0x32 ./Drivers/STM32H7xx_HAL_Driver/Src/stm32h7xx_hal_ltdc.o
 .ARM.attributes
                0x000004bf       0x32 ./Drivers/STM32H7xx_HAL_Driver/Src/stm32h7xx_hal_mdma.o
 .ARM.attributes
                0x000004f1       0x32 ./Drivers/STM32H7xx_HAL_Driver/Src/stm32h7xx_hal_pwr_ex.o
 .ARM.attributes
                0x00000523       0x32 ./Drivers/STM32H7xx_HAL_Driver/Src/stm32h7xx_hal_rcc.o
 .ARM.attributes
                0x00000555       0x32 ./Drivers/STM32H7xx_HAL_Driver/Src/stm32h7xx_hal_rcc_ex.o
 .ARM.attributes
                0x00000587       0x32 ./Drivers/STM32H7xx_HAL_Driver/Src/stm32h7xx_hal_sdram.o
 .ARM.attributes
                0x000005b9       0x32 ./Drivers/STM32H7xx_HAL_Driver/Src/stm32h7xx_hal_tim.o
 .ARM.attributes
                0x000005eb       0x32 ./Drivers/STM32H7xx_HAL_Driver/Src/stm32h7xx_ll_fmc.o
 .ARM.attributes
                0x0000061d       0x32 C:/ST/STM32CubeIDE_1.19.0/STM32CubeIDE/plugins/com.st.stm32cube.ide.mcu.externaltools.gnu-tools-for-stm32.13.3.rel1.win32_1.0.0.202411081344/tools/bin/../lib/gcc/arm-none-eabi/13.3.1/../../../../arm-none-eabi/lib/thumb/v7e-m+dp/hard\libc_nano.a(libc_a-findfp.o)
 .ARM.attributes
                0x0000064f       0x32 C:/ST/STM32CubeIDE_1.19.0/STM32CubeIDE/plugins/com.st.stm32cube.ide.mcu.externaltools.gnu-tools-for-stm32.13.3.rel1.win32_1.0.0.202411081344/tools/bin/../lib/gcc/arm-none-eabi/13.3.1/../../../../arm-none-eabi/lib/thumb/v7e-m+dp/hard\libc_nano.a(libc_a-memset.o)
 .ARM.attributes
                0x00000681       0x32 C:/ST/STM32CubeIDE_1.19.0/STM32CubeIDE/plugins/com.st.stm32cube.ide.mcu.externaltools.gnu-tools-for-stm32.13.3.rel1.win32_1.0.0.202411081344/tools/bin/../lib/gcc/arm-none-eabi/13.3.1/../../../../arm-none-eabi/lib/thumb/v7e-m+dp/hard\libc_nano.a(libc_a-impure.o)
 .ARM.attributes
                0x000006b3       0x32 C:/ST/STM32CubeIDE_1.19.0/STM32CubeIDE/plugins/com.st.stm32cube.ide.mcu.externaltools.gnu-tools-for-stm32.13.3.rel1.win32_1.0.0.202411081344/tools/bin/../lib/gcc/arm-none-eabi/13.3.1/../../../../arm-none-eabi/lib/thumb/v7e-m+dp/hard\libc_nano.a(libc_a-errno.o)
 .ARM.attributes
                0x000006e5       0x32 C:/ST/STM32CubeIDE_1.19.0/STM32CubeIDE/plugins/com.st.stm32cube.ide.mcu.externaltools.gnu-tools-for-stm32.13.3.rel1.win32_1.0.0.202411081344/tools/bin/../lib/gcc/arm-none-eabi/13.3.1/../../../../arm-none-eabi/lib/thumb/v7e-m+dp/hard\libc_nano.a(libc_a-init.o)
 .ARM.attributes
                0x00000717       0x32 C:/ST/STM32CubeIDE_1.19.0/STM32CubeIDE/plugins/com.st.stm32cube.ide.mcu.externaltools.gnu-tools-for-stm32.13.3.rel1.win32_1.0.0.202411081344/tools/bin/../lib/gcc/arm-none-eabi/13.3.1/../../../../arm-none-eabi/lib/thumb/v7e-m+dp/hard\libm.a(libm_a-sinf.o)
 .ARM.attributes
                0x00000749       0x32 C:/ST/STM32CubeIDE_1.19.0/STM32CubeIDE/plugins/com.st.stm32cube.ide.mcu.externaltools.gnu-tools-for-stm32.13.3.rel1.win32_1.0.0.202411081344/tools/bin/../lib/gcc/arm-none-eabi/13.3.1/../../../../arm-none-eabi/lib/thumb/v7e-m+dp/hard\libm.a(libm_a-cosf.o)
 .ARM.attributes
                0x0000077b       0x32 C:/ST/STM32CubeIDE_1.19.0/STM32CubeIDE/plugins/com.st.stm32cube.ide.mcu.externaltools.gnu-tools-for-stm32.13.3.rel1.win32_1.0.0.202411081344/tools/bin/../lib/gcc/arm-none-eabi/13.3.1/../../../../arm-none-eabi/lib/thumb/v7e-m+dp/hard\libm.a(libm_a-sincosf_data.o)
 .ARM.attributes
                0x000007ad       0x32 C:/ST/STM32CubeIDE_1.19.0/STM32CubeIDE/plugins/com.st.stm32cube.ide.mcu.externaltools.gnu-tools-for-stm32.13.3.rel1.win32_1.0.0.202411081344/tools/bin/../lib/gcc/arm-none-eabi/13.3.1/../../../../arm-none-eabi/lib/thumb/v7e-m+dp/hard\libm.a(libm_a-math_errf.o)
 .ARM.attributes
                0x000007df       0x20 C:/ST/STM32CubeIDE_1.19.0/STM32CubeIDE/plugins/com.st.stm32cube.ide.mcu.externaltools.gnu-tools-for-stm32.13.3.rel1.win32_1.0.0.202411081344/tools/bin/../lib/gcc/arm-none-eabi/13.3.1/thumb/v7e-m+dp/hard\libgcc.a(_arm_addsubdf3.o)
 .ARM.attributes
                0x000007ff       0x20 C:/ST/STM32CubeIDE_1.19.0/STM32CubeIDE/plugins/com.st.stm32cube.ide.mcu.externaltools.gnu-tools-for-stm32.13.3.rel1.win32_1.0.0.202411081344/tools/bin/../lib/gcc/arm-none-eabi/13.3.1/thumb/v7e-m+dp/hard/crtn.o
OUTPUT(KoncniProjekt.elf elf32-littlearm)
LOAD linker stubs
LOAD C:/ST/STM32CubeIDE_1.19.0/STM32CubeIDE/plugins/com.st.stm32cube.ide.mcu.externaltools.gnu-tools-for-stm32.13.3.rel1.win32_1.0.0.202411081344/tools/bin/../lib/gcc/arm-none-eabi/13.3.1/../../../../arm-none-eabi/lib/thumb/v7e-m+dp/hard\libc.a
LOAD C:/ST/STM32CubeIDE_1.19.0/STM32CubeIDE/plugins/com.st.stm32cube.ide.mcu.externaltools.gnu-tools-for-stm32.13.3.rel1.win32_1.0.0.202411081344/tools/bin/../lib/gcc/arm-none-eabi/13.3.1/../../../../arm-none-eabi/lib/thumb/v7e-m+dp/hard\libm.a
LOAD C:/ST/STM32CubeIDE_1.19.0/STM32CubeIDE/plugins/com.st.stm32cube.ide.mcu.externaltools.gnu-tools-for-stm32.13.3.rel1.win32_1.0.0.202411081344/tools/bin/../lib/gcc/arm-none-eabi/13.3.1/thumb/v7e-m+dp/hard\libgcc.a

.debug_info     0x00000000    0x23914
 .debug_info    0x00000000      0xaaf ./Core/Components/ft5336/ft5336.o
 .debug_info    0x00000aaf     0x1199 ./Core/Components/ft5336/ft5336_reg.o
 .debug_info    0x00001c48      0xa85 ./Core/Components/mt48lc4m32b2/mt48lc4m32b2.o
 .debug_info    0x000026cd      0x21a ./Core/Src/display.o
 .debug_info    0x000028e7     0x2971 ./Core/Src/main.o
 .debug_info    0x00005258     0x1227 ./Core/Src/stm32_lcd.o
 .debug_info    0x0000647f     0x1557 ./Core/Src/stm32h750b_discovery_bus.o
 .debug_info    0x000079d6     0x3295 ./Core/Src/stm32h750b_discovery_lcd.o
 .debug_info    0x0000ac6b     0x13c6 ./Core/Src/stm32h750b_discovery_sdram.o
 .debug_info    0x0000c031     0x1628 ./Core/Src/stm32h7xx_hal_msp.o
 .debug_info    0x0000d659      0x449 ./Core/Src/stm32h7xx_it.o
 .debug_info    0x0000daa2      0xdb2 ./Core/Src/system_stm32h7xx.o
 .debug_info    0x0000e854       0x30 ./Core/Startup/startup_stm32h750xbhx.o
 .debug_info    0x0000e884     0x1541 ./Drivers/STM32H7xx_HAL_Driver/Src/stm32h7xx_hal.o
 .debug_info    0x0000fdc5     0x1d85 ./Drivers/STM32H7xx_HAL_Driver/Src/stm32h7xx_hal_adc.o
 .debug_info    0x00011b4a     0x1ea6 ./Drivers/STM32H7xx_HAL_Driver/Src/stm32h7xx_hal_adc_ex.o
 .debug_info    0x000139f0     0x10b7 ./Drivers/STM32H7xx_HAL_Driver/Src/stm32h7xx_hal_cortex.o
 .debug_info    0x00014aa7      0xc31 ./Drivers/STM32H7xx_HAL_Driver/Src/stm32h7xx_hal_dma.o
 .debug_info    0x000156d8     0x10ce ./Drivers/STM32H7xx_HAL_Driver/Src/stm32h7xx_hal_dma2d.o
 .debug_info    0x000167a6      0xc5a ./Drivers/STM32H7xx_HAL_Driver/Src/stm32h7xx_hal_gpio.o
 .debug_info    0x00017400     0x22c9 ./Drivers/STM32H7xx_HAL_Driver/Src/stm32h7xx_hal_i2c.o
 .debug_info    0x000196c9      0xd84 ./Drivers/STM32H7xx_HAL_Driver/Src/stm32h7xx_hal_i2c_ex.o
 .debug_info    0x0001a44d     0x1047 ./Drivers/STM32H7xx_HAL_Driver/Src/stm32h7xx_hal_ltdc.o
 .debug_info    0x0001b494      0xbd2 ./Drivers/STM32H7xx_HAL_Driver/Src/stm32h7xx_hal_mdma.o
 .debug_info    0x0001c066     0x1012 ./Drivers/STM32H7xx_HAL_Driver/Src/stm32h7xx_hal_pwr_ex.o
 .debug_info    0x0001d078      0xe6a ./Drivers/STM32H7xx_HAL_Driver/Src/stm32h7xx_hal_rcc.o
 .debug_info    0x0001dee2     0x1225 ./Drivers/STM32H7xx_HAL_Driver/Src/stm32h7xx_hal_rcc_ex.o
 .debug_info    0x0001f107     0x107c ./Drivers/STM32H7xx_HAL_Driver/Src/stm32h7xx_hal_sdram.o
 .debug_info    0x00020183     0x2bae ./Drivers/STM32H7xx_HAL_Driver/Src/stm32h7xx_hal_tim.o
 .debug_info    0x00022d31      0xbe3 ./Drivers/STM32H7xx_HAL_Driver/Src/stm32h7xx_ll_fmc.o

.debug_abbrev   0x00000000     0x4389
 .debug_abbrev  0x00000000      0x226 ./Core/Components/ft5336/ft5336.o
 .debug_abbrev  0x00000226      0x145 ./Core/Components/ft5336/ft5336_reg.o
 .debug_abbrev  0x0000036b      0x225 ./Core/Components/mt48lc4m32b2/mt48lc4m32b2.o
 .debug_abbrev  0x00000590       0xd9 ./Core/Src/display.o
 .debug_abbrev  0x00000669      0x3d6 ./Core/Src/main.o
 .debug_abbrev  0x00000a3f      0x226 ./Core/Src/stm32_lcd.o
 .debug_abbrev  0x00000c65      0x348 ./Core/Src/stm32h750b_discovery_bus.o
 .debug_abbrev  0x00000fad      0x344 ./Core/Src/stm32h750b_discovery_lcd.o
 .debug_abbrev  0x000012f1      0x2d1 ./Core/Src/stm32h750b_discovery_sdram.o
 .debug_abbrev  0x000015c2      0x218 ./Core/Src/stm32h7xx_hal_msp.o
 .debug_abbrev  0x000017da      0x16d ./Core/Src/stm32h7xx_it.o
 .debug_abbrev  0x00001947      0x165 ./Core/Src/system_stm32h7xx.o
 .debug_abbrev  0x00001aac       0x24 ./Core/Startup/startup_stm32h750xbhx.o
 .debug_abbrev  0x00001ad0      0x295 ./Drivers/STM32H7xx_HAL_Driver/Src/stm32h7xx_hal.o
 .debug_abbrev  0x00001d65      0x2d1 ./Drivers/STM32H7xx_HAL_Driver/Src/stm32h7xx_hal_adc.o
 .debug_abbrev  0x00002036      0x31a ./Drivers/STM32H7xx_HAL_Driver/Src/stm32h7xx_hal_adc_ex.o
 .debug_abbrev  0x00002350      0x339 ./Drivers/STM32H7xx_HAL_Driver/Src/stm32h7xx_hal_cortex.o
 .debug_abbrev  0x00002689      0x248 ./Drivers/STM32H7xx_HAL_Driver/Src/stm32h7xx_hal_dma.o
 .debug_abbrev  0x000028d1      0x225 ./Drivers/STM32H7xx_HAL_Driver/Src/stm32h7xx_hal_dma2d.o
 .debug_abbrev  0x00002af6      0x205 ./Drivers/STM32H7xx_HAL_Driver/Src/stm32h7xx_hal_gpio.o
 .debug_abbrev  0x00002cfb      0x25d ./Drivers/STM32H7xx_HAL_Driver/Src/stm32h7xx_hal_i2c.o
 .debug_abbrev  0x00002f58      0x1f5 ./Drivers/STM32H7xx_HAL_Driver/Src/stm32h7xx_hal_i2c_ex.o
 .debug_abbrev  0x0000314d      0x23a ./Drivers/STM32H7xx_HAL_Driver/Src/stm32h7xx_hal_ltdc.o
 .debug_abbrev  0x00003387      0x1ff ./Drivers/STM32H7xx_HAL_Driver/Src/stm32h7xx_hal_mdma.o
 .debug_abbrev  0x00003586      0x2a7 ./Drivers/STM32H7xx_HAL_Driver/Src/stm32h7xx_hal_pwr_ex.o
 .debug_abbrev  0x0000382d      0x2c8 ./Drivers/STM32H7xx_HAL_Driver/Src/stm32h7xx_hal_rcc.o
 .debug_abbrev  0x00003af5      0x269 ./Drivers/STM32H7xx_HAL_Driver/Src/stm32h7xx_hal_rcc_ex.o
 .debug_abbrev  0x00003d5e      0x209 ./Drivers/STM32H7xx_HAL_Driver/Src/stm32h7xx_hal_sdram.o
 .debug_abbrev  0x00003f67      0x276 ./Drivers/STM32H7xx_HAL_Driver/Src/stm32h7xx_hal_tim.o
 .debug_abbrev  0x000041dd      0x1ac ./Drivers/STM32H7xx_HAL_Driver/Src/stm32h7xx_ll_fmc.o

.debug_aranges  0x00000000     0x1e58
 .debug_aranges
                0x00000000       0x98 ./Core/Components/ft5336/ft5336.o
 .debug_aranges
                0x00000098      0x230 ./Core/Components/ft5336/ft5336_reg.o
 .debug_aranges
                0x000002c8       0x70 ./Core/Components/mt48lc4m32b2/mt48lc4m32b2.o
 .debug_aranges
                0x00000338       0x20 ./Core/Src/display.o
 .debug_aranges
                0x00000358       0x68 ./Core/Src/main.o
 .debug_aranges
                0x000003c0      0x110 ./Core/Src/stm32_lcd.o
 .debug_aranges
                0x000004d0       0x98 ./Core/Src/stm32h750b_discovery_bus.o
 .debug_aranges
                0x00000568      0x150 ./Core/Src/stm32h750b_discovery_lcd.o
 .debug_aranges
                0x000006b8       0x50 ./Core/Src/stm32h750b_discovery_sdram.o
 .debug_aranges
                0x00000708       0x40 ./Core/Src/stm32h7xx_hal_msp.o
 .debug_aranges
                0x00000748       0x68 ./Core/Src/stm32h7xx_it.o
 .debug_aranges
                0x000007b0       0x30 ./Core/Src/system_stm32h7xx.o
 .debug_aranges
                0x000007e0       0x28 ./Core/Startup/startup_stm32h750xbhx.o
 .debug_aranges
                0x00000808      0x198 ./Drivers/STM32H7xx_HAL_Driver/Src/stm32h7xx_hal.o
 .debug_aranges
                0x000009a0      0x230 ./Drivers/STM32H7xx_HAL_Driver/Src/stm32h7xx_hal_adc.o
 .debug_aranges
                0x00000bd0      0x1e0 ./Drivers/STM32H7xx_HAL_Driver/Src/stm32h7xx_hal_adc_ex.o
 .debug_aranges
                0x00000db0      0x130 ./Drivers/STM32H7xx_HAL_Driver/Src/stm32h7xx_hal_cortex.o
 .debug_aranges
                0x00000ee0       0xa0 ./Drivers/STM32H7xx_HAL_Driver/Src/stm32h7xx_hal_dma.o
 .debug_aranges
                0x00000f80      0x118 ./Drivers/STM32H7xx_HAL_Driver/Src/stm32h7xx_hal_dma2d.o
 .debug_aranges
                0x00001098       0x58 ./Drivers/STM32H7xx_HAL_Driver/Src/stm32h7xx_hal_gpio.o
 .debug_aranges
                0x000010f0      0x2a0 ./Drivers/STM32H7xx_HAL_Driver/Src/stm32h7xx_hal_i2c.o
 .debug_aranges
                0x00001390       0x48 ./Drivers/STM32H7xx_HAL_Driver/Src/stm32h7xx_hal_i2c_ex.o
 .debug_aranges
                0x000013d8      0x158 ./Drivers/STM32H7xx_HAL_Driver/Src/stm32h7xx_hal_ltdc.o
 .debug_aranges
                0x00001530       0xc0 ./Drivers/STM32H7xx_HAL_Driver/Src/stm32h7xx_hal_mdma.o
 .debug_aranges
                0x000015f0      0x158 ./Drivers/STM32H7xx_HAL_Driver/Src/stm32h7xx_hal_pwr_ex.o
 .debug_aranges
                0x00001748       0x88 ./Drivers/STM32H7xx_HAL_Driver/Src/stm32h7xx_hal_rcc.o
 .debug_aranges
                0x000017d0       0xf8 ./Drivers/STM32H7xx_HAL_Driver/Src/stm32h7xx_hal_rcc_ex.o
 .debug_aranges
                0x000018c8       0xe8 ./Drivers/STM32H7xx_HAL_Driver/Src/stm32h7xx_hal_sdram.o
 .debug_aranges
                0x000019b0      0x3e0 ./Drivers/STM32H7xx_HAL_Driver/Src/stm32h7xx_hal_tim.o
 .debug_aranges
                0x00001d90       0xc8 ./Drivers/STM32H7xx_HAL_Driver/Src/stm32h7xx_ll_fmc.o

.debug_rnglists
                0x00000000     0x1786
 .debug_rnglists
                0x00000000       0x70 ./Core/Components/ft5336/ft5336.o
 .debug_rnglists
                0x00000070      0x19f ./Core/Components/ft5336/ft5336_reg.o
 .debug_rnglists
                0x0000020f       0x4f ./Core/Components/mt48lc4m32b2/mt48lc4m32b2.o
 .debug_rnglists
                0x0000025e       0x14 ./Core/Src/display.o
 .debug_rnglists
                0x00000272       0x4e ./Core/Src/main.o
 .debug_rnglists
                0x000002c0       0xd3 ./Core/Src/stm32_lcd.o
 .debug_rnglists
                0x00000393       0x90 ./Core/Src/stm32h750b_discovery_bus.o
 .debug_rnglists
                0x00000423      0x107 ./Core/Src/stm32h750b_discovery_lcd.o
 .debug_rnglists
                0x0000052a       0x3a ./Core/Src/stm32h750b_discovery_sdram.o
 .debug_rnglists
                0x00000564       0x2d ./Core/Src/stm32h7xx_hal_msp.o
 .debug_rnglists
                0x00000591       0x49 ./Core/Src/stm32h7xx_it.o
 .debug_rnglists
                0x000005da       0x21 ./Core/Src/system_stm32h7xx.o
 .debug_rnglists
                0x000005fb       0x19 ./Core/Startup/startup_stm32h750xbhx.o
 .debug_rnglists
                0x00000614      0x131 ./Drivers/STM32H7xx_HAL_Driver/Src/stm32h7xx_hal.o
 .debug_rnglists
                0x00000745      0x1af ./Drivers/STM32H7xx_HAL_Driver/Src/stm32h7xx_hal_adc.o
 .debug_rnglists
                0x000008f4      0x175 ./Drivers/STM32H7xx_HAL_Driver/Src/stm32h7xx_hal_adc_ex.o
 .debug_rnglists
                0x00000a69       0xe0 ./Drivers/STM32H7xx_HAL_Driver/Src/stm32h7xx_hal_cortex.o
 .debug_rnglists
                0x00000b49       0x82 ./Drivers/STM32H7xx_HAL_Driver/Src/stm32h7xx_hal_dma.o
 .debug_rnglists
                0x00000bcb       0xde ./Drivers/STM32H7xx_HAL_Driver/Src/stm32h7xx_hal_dma2d.o
 .debug_rnglists
                0x00000ca9       0x3f ./Drivers/STM32H7xx_HAL_Driver/Src/stm32h7xx_hal_gpio.o
 .debug_rnglists
                0x00000ce8      0x22a ./Drivers/STM32H7xx_HAL_Driver/Src/stm32h7xx_hal_i2c.o
 .debug_rnglists
                0x00000f12       0x35 ./Drivers/STM32H7xx_HAL_Driver/Src/stm32h7xx_hal_i2c_ex.o
 .debug_rnglists
                0x00000f47      0x10a ./Drivers/STM32H7xx_HAL_Driver/Src/stm32h7xx_hal_ltdc.o
 .debug_rnglists
                0x00001051       0x9c ./Drivers/STM32H7xx_HAL_Driver/Src/stm32h7xx_hal_mdma.o
 .debug_rnglists
                0x000010ed      0x103 ./Drivers/STM32H7xx_HAL_Driver/Src/stm32h7xx_hal_pwr_ex.o
 .debug_rnglists
                0x000011f0       0x68 ./Drivers/STM32H7xx_HAL_Driver/Src/stm32h7xx_hal_rcc.o
 .debug_rnglists
                0x00001258       0xc0 ./Drivers/STM32H7xx_HAL_Driver/Src/stm32h7xx_hal_rcc_ex.o
 .debug_rnglists
                0x00001318       0xb1 ./Drivers/STM32H7xx_HAL_Driver/Src/stm32h7xx_hal_sdram.o
 .debug_rnglists
                0x000013c9      0x328 ./Drivers/STM32H7xx_HAL_Driver/Src/stm32h7xx_hal_tim.o
 .debug_rnglists
                0x000016f1       0x95 ./Drivers/STM32H7xx_HAL_Driver/Src/stm32h7xx_ll_fmc.o

.debug_macro    0x00000000     0x7062
 .debug_macro   0x00000000       0x93 ./Core/Components/ft5336/ft5336.o
 .debug_macro   0x00000093      0xaf6 ./Core/Components/ft5336/ft5336.o
 .debug_macro   0x00000b89       0x22 ./Core/Components/ft5336/ft5336.o
 .debug_macro   0x00000bab       0x8e ./Core/Components/ft5336/ft5336.o
 .debug_macro   0x00000c39       0x51 ./Core/Components/ft5336/ft5336.o
 .debug_macro   0x00000c8a      0x103 ./Core/Components/ft5336/ft5336.o
 .debug_macro   0x00000d8d       0x6a ./Core/Components/ft5336/ft5336.o
 .debug_macro   0x00000df7      0x1df ./Core/Components/ft5336/ft5336.o
 .debug_macro   0x00000fd6      0x5ae ./Core/Components/ft5336/ft5336.o
 .debug_macro   0x00001584      0x190 ./Core/Components/ft5336/ft5336.o
 .debug_macro   0x00001714       0x1c ./Core/Components/ft5336/ft5336.o
 .debug_macro   0x00001730       0x76 ./Core/Components/ft5336/ft5336.o
 .debug_macro   0x000017a6       0x72 ./Core/Components/ft5336/ft5336_reg.o
 .debug_macro   0x00001818      0x332 ./Core/Components/mt48lc4m32b2/mt48lc4m32b2.o
 .debug_macro   0x00001b4a       0x10 ./Core/Components/mt48lc4m32b2/mt48lc4m32b2.o
 .debug_macro   0x00001b5a       0x7c ./Core/Components/mt48lc4m32b2/mt48lc4m32b2.o
 .debug_macro   0x00001bd6      0x366 ./Core/Src/display.o
 .debug_macro   0x00001f3c       0x70 ./Core/Src/display.o
 .debug_macro   0x00001fac      0x443 ./Core/Src/main.o
 .debug_macro   0x000023ef       0x16 ./Core/Src/main.o
 .debug_macro   0x00002405       0x34 ./Core/Src/main.o
 .debug_macro   0x00002439       0xca ./Core/Src/stm32_lcd.o
 .debug_macro   0x00002503      0x38f ./Core/Src/stm32h750b_discovery_bus.o
 .debug_macro   0x00002892       0x64 ./Core/Src/stm32h750b_discovery_bus.o
 .debug_macro   0x000028f6      0x3b4 ./Core/Src/stm32h750b_discovery_lcd.o
 .debug_macro   0x00002caa       0x6a ./Core/Src/stm32h750b_discovery_lcd.o
 .debug_macro   0x00002d14      0x353 ./Core/Src/stm32h750b_discovery_sdram.o
 .debug_macro   0x00003067      0x31e ./Core/Src/stm32h7xx_hal_msp.o
 .debug_macro   0x00003385      0x328 ./Core/Src/stm32h7xx_it.o
 .debug_macro   0x000036ad      0x314 ./Core/Src/system_stm32h7xx.o
 .debug_macro   0x000039c1      0x33e ./Drivers/STM32H7xx_HAL_Driver/Src/stm32h7xx_hal.o
 .debug_macro   0x00003cff      0x338 ./Drivers/STM32H7xx_HAL_Driver/Src/stm32h7xx_hal_adc.o
 .debug_macro   0x00004037      0x320 ./Drivers/STM32H7xx_HAL_Driver/Src/stm32h7xx_hal_adc_ex.o
 .debug_macro   0x00004357      0x314 ./Drivers/STM32H7xx_HAL_Driver/Src/stm32h7xx_hal_cortex.o
 .debug_macro   0x0000466b      0x368 ./Drivers/STM32H7xx_HAL_Driver/Src/stm32h7xx_hal_dma.o
 .debug_macro   0x000049d3      0x323 ./Drivers/STM32H7xx_HAL_Driver/Src/stm32h7xx_hal_dma2d.o
 .debug_macro   0x00004cf6      0x31b ./Drivers/STM32H7xx_HAL_Driver/Src/stm32h7xx_hal_gpio.o
 .debug_macro   0x00005011      0x3e0 ./Drivers/STM32H7xx_HAL_Driver/Src/stm32h7xx_hal_i2c.o
 .debug_macro   0x000053f1      0x314 ./Drivers/STM32H7xx_HAL_Driver/Src/stm32h7xx_hal_i2c_ex.o
 .debug_macro   0x00005705      0x31c ./Drivers/STM32H7xx_HAL_Driver/Src/stm32h7xx_hal_ltdc.o
 .debug_macro   0x00005a21      0x323 ./Drivers/STM32H7xx_HAL_Driver/Src/stm32h7xx_hal_mdma.o
 .debug_macro   0x00005d44      0x34d ./Drivers/STM32H7xx_HAL_Driver/Src/stm32h7xx_hal_pwr_ex.o
 .debug_macro   0x00006091      0x338 ./Drivers/STM32H7xx_HAL_Driver/Src/stm32h7xx_hal_rcc.o
 .debug_macro   0x000063c9      0x332 ./Drivers/STM32H7xx_HAL_Driver/Src/stm32h7xx_hal_rcc_ex.o
 .debug_macro   0x000066fb      0x314 ./Drivers/STM32H7xx_HAL_Driver/Src/stm32h7xx_hal_sdram.o
 .debug_macro   0x00006a0f      0x315 ./Drivers/STM32H7xx_HAL_Driver/Src/stm32h7xx_hal_tim.o
 .debug_macro   0x00006d24      0x33e ./Drivers/STM32H7xx_HAL_Driver/Src/stm32h7xx_ll_fmc.o

.debug_line     0x00000000    0x26249
 .debug_line    0x00000000      0x796 ./Core/Components/ft5336/ft5336.o
 .debug_line    0x00000796      0xc2f ./Core/Components/ft5336/ft5336_reg.o
 .debug_line    0x000013c5      0xbcc ./Core/Components/mt48lc4m32b2/mt48lc4m32b2.o
 .debug_line    0x00001f91      0xa9c ./Core/Src/display.o
 .debug_line    0x00002a2d     0x1043 ./Core/Src/main.o
 .debug_line    0x00003a70      0xf85 ./Core/Src/stm32_lcd.o
 .debug_line    0x000049f5      0xf2d ./Core/Src/stm32h750b_discovery_bus.o
 .debug_line    0x00005922     0x14a8 ./Core/Src/stm32h750b_discovery_lcd.o
 .debug_line    0x00006dca      0xbce ./Core/Src/stm32h750b_discovery_sdram.o
 .debug_line    0x00007998      0xab6 ./Core/Src/stm32h7xx_hal_msp.o
 .debug_line    0x0000844e      0xa7b ./Core/Src/stm32h7xx_it.o
 .debug_line    0x00008ec9      0xbb3 ./Core/Src/system_stm32h7xx.o
 .debug_line    0x00009a7c       0x7d ./Core/Startup/startup_stm32h750xbhx.o
 .debug_line    0x00009af9      0xf8c ./Drivers/STM32H7xx_HAL_Driver/Src/stm32h7xx_hal.o
 .debug_line    0x0000aa85     0x245a ./Drivers/STM32H7xx_HAL_Driver/Src/stm32h7xx_hal_adc.o
 .debug_line    0x0000cedf     0x2026 ./Drivers/STM32H7xx_HAL_Driver/Src/stm32h7xx_hal_adc_ex.o
 .debug_line    0x0000ef05      0xf76 ./Drivers/STM32H7xx_HAL_Driver/Src/stm32h7xx_hal_cortex.o
 .debug_line    0x0000fe7b     0x290d ./Drivers/STM32H7xx_HAL_Driver/Src/stm32h7xx_hal_dma.o
 .debug_line    0x00012788     0x1423 ./Drivers/STM32H7xx_HAL_Driver/Src/stm32h7xx_hal_dma2d.o
 .debug_line    0x00013bab      0xe15 ./Drivers/STM32H7xx_HAL_Driver/Src/stm32h7xx_hal_gpio.o
 .debug_line    0x000149c0     0x3d03 ./Drivers/STM32H7xx_HAL_Driver/Src/stm32h7xx_hal_i2c.o
 .debug_line    0x000186c3      0xb1a ./Drivers/STM32H7xx_HAL_Driver/Src/stm32h7xx_hal_i2c_ex.o
 .debug_line    0x000191dd     0x15b6 ./Drivers/STM32H7xx_HAL_Driver/Src/stm32h7xx_hal_ltdc.o
 .debug_line    0x0001a793     0x15ec ./Drivers/STM32H7xx_HAL_Driver/Src/stm32h7xx_hal_mdma.o
 .debug_line    0x0001bd7f     0x1110 ./Drivers/STM32H7xx_HAL_Driver/Src/stm32h7xx_hal_pwr_ex.o
 .debug_line    0x0001ce8f     0x1633 ./Drivers/STM32H7xx_HAL_Driver/Src/stm32h7xx_hal_rcc.o
 .debug_line    0x0001e4c2     0x1f3f ./Drivers/STM32H7xx_HAL_Driver/Src/stm32h7xx_hal_rcc_ex.o
 .debug_line    0x00020401      0xfb4 ./Drivers/STM32H7xx_HAL_Driver/Src/stm32h7xx_hal_sdram.o
 .debug_line    0x000213b5     0x40e0 ./Drivers/STM32H7xx_HAL_Driver/Src/stm32h7xx_hal_tim.o
 .debug_line    0x00025495      0xdb4 ./Drivers/STM32H7xx_HAL_Driver/Src/stm32h7xx_ll_fmc.o

.debug_str      0x00000000   0x18948f
 .debug_str     0x00000000   0x18948f ./Core/Components/ft5336/ft5336.o
                               0x60df (size before relaxing)
 .debug_str     0x0018948f     0x5ae4 ./Core/Components/ft5336/ft5336_reg.o
 .debug_str     0x0018948f   0x17ad5a ./Core/Components/mt48lc4m32b2/mt48lc4m32b2.o
 .debug_str     0x0018948f   0x17be9f ./Core/Src/display.o
 .debug_str     0x0018948f   0x1804b8 ./Core/Src/main.o
 .debug_str     0x0018948f     0x5093 ./Core/Src/stm32_lcd.o
 .debug_str     0x0018948f   0x17b77d ./Core/Src/stm32h750b_discovery_bus.o
 .debug_str     0x0018948f   0x1800f1 ./Core/Src/stm32h750b_discovery_lcd.o
 .debug_str     0x0018948f   0x17be5e ./Core/Src/stm32h750b_discovery_sdram.o
 .debug_str     0x0018948f   0x17b12e ./Core/Src/stm32h7xx_hal_msp.o
 .debug_str     0x0018948f   0x17a5bc ./Core/Src/stm32h7xx_it.o
 .debug_str     0x0018948f   0x17a777 ./Core/Src/system_stm32h7xx.o
 .debug_str     0x0018948f       0x85 ./Core/Startup/startup_stm32h750xbhx.o
 .debug_str     0x0018948f   0x17b65d ./Drivers/STM32H7xx_HAL_Driver/Src/stm32h7xx_hal.o
 .debug_str     0x0018948f   0x17b4f5 ./Drivers/STM32H7xx_HAL_Driver/Src/stm32h7xx_hal_adc.o
 .debug_str     0x0018948f   0x17b534 ./Drivers/STM32H7xx_HAL_Driver/Src/stm32h7xx_hal_adc_ex.o
 .debug_str     0x0018948f   0x17b098 ./Drivers/STM32H7xx_HAL_Driver/Src/stm32h7xx_hal_cortex.o
 .debug_str     0x0018948f   0x17ae72 ./Drivers/STM32H7xx_HAL_Driver/Src/stm32h7xx_hal_dma.o
 .debug_str     0x0018948f   0x17aad0 ./Drivers/STM32H7xx_HAL_Driver/Src/stm32h7xx_hal_dma2d.o
 .debug_str     0x0018948f   0x17a6ef ./Drivers/STM32H7xx_HAL_Driver/Src/stm32h7xx_hal_gpio.o
 .debug_str     0x0018948f   0x17b790 ./Drivers/STM32H7xx_HAL_Driver/Src/stm32h7xx_hal_i2c.o
 .debug_str     0x0018948f   0x17ab34 ./Drivers/STM32H7xx_HAL_Driver/Src/stm32h7xx_hal_i2c_ex.o
 .debug_str     0x0018948f   0x17aa05 ./Drivers/STM32H7xx_HAL_Driver/Src/stm32h7xx_hal_ltdc.o
 .debug_str     0x0018948f   0x17aa6c ./Drivers/STM32H7xx_HAL_Driver/Src/stm32h7xx_hal_mdma.o
 .debug_str     0x0018948f   0x17abb0 ./Drivers/STM32H7xx_HAL_Driver/Src/stm32h7xx_hal_pwr_ex.o
 .debug_str     0x0018948f   0x17aad3 ./Drivers/STM32H7xx_HAL_Driver/Src/stm32h7xx_hal_rcc.o
 .debug_str     0x0018948f   0x17afb4 ./Drivers/STM32H7xx_HAL_Driver/Src/stm32h7xx_hal_rcc_ex.o
 .debug_str     0x0018948f   0x17abbd ./Drivers/STM32H7xx_HAL_Driver/Src/stm32h7xx_hal_sdram.o
 .debug_str     0x0018948f   0x17b872 ./Drivers/STM32H7xx_HAL_Driver/Src/stm32h7xx_hal_tim.o
 .debug_str     0x0018948f   0x17ac6d ./Drivers/STM32H7xx_HAL_Driver/Src/stm32h7xx_ll_fmc.o

.comment        0x00000000       0x43
 .comment       0x00000000       0x43 ./Core/Components/ft5336/ft5336.o
                                 0x44 (size before relaxing)
 .comment       0x00000043       0x44 ./Core/Components/ft5336/ft5336_reg.o
 .comment       0x00000043       0x44 ./Core/Components/mt48lc4m32b2/mt48lc4m32b2.o
 .comment       0x00000043       0x44 ./Core/Src/display.o
 .comment       0x00000043       0x44 ./Core/Src/main.o
 .comment       0x00000043       0x44 ./Core/Src/stm32_lcd.o
 .comment       0x00000043       0x44 ./Core/Src/stm32h750b_discovery_bus.o
 .comment       0x00000043       0x44 ./Core/Src/stm32h750b_discovery_lcd.o
 .comment       0x00000043       0x44 ./Core/Src/stm32h750b_discovery_sdram.o
 .comment       0x00000043       0x44 ./Core/Src/stm32h7xx_hal_msp.o
 .comment       0x00000043       0x44 ./Core/Src/stm32h7xx_it.o
 .comment       0x00000043       0x44 ./Core/Src/system_stm32h7xx.o
 .comment       0x00000043       0x44 ./Drivers/STM32H7xx_HAL_Driver/Src/stm32h7xx_hal.o
 .comment       0x00000043       0x44 ./Drivers/STM32H7xx_HAL_Driver/Src/stm32h7xx_hal_adc.o
 .comment       0x00000043       0x44 ./Drivers/STM32H7xx_HAL_Driver/Src/stm32h7xx_hal_adc_ex.o
 .comment       0x00000043       0x44 ./Drivers/STM32H7xx_HAL_Driver/Src/stm32h7xx_hal_cortex.o
 .comment       0x00000043       0x44 ./Drivers/STM32H7xx_HAL_Driver/Src/stm32h7xx_hal_dma.o
 .comment       0x00000043       0x44 ./Drivers/STM32H7xx_HAL_Driver/Src/stm32h7xx_hal_dma2d.o
 .comment       0x00000043       0x44 ./Drivers/STM32H7xx_HAL_Driver/Src/stm32h7xx_hal_gpio.o
 .comment       0x00000043       0x44 ./Drivers/STM32H7xx_HAL_Driver/Src/stm32h7xx_hal_i2c.o
 .comment       0x00000043       0x44 ./Drivers/STM32H7xx_HAL_Driver/Src/stm32h7xx_hal_i2c_ex.o
 .comment       0x00000043       0x44 ./Drivers/STM32H7xx_HAL_Driver/Src/stm32h7xx_hal_ltdc.o
 .comment       0x00000043       0x44 ./Drivers/STM32H7xx_HAL_Driver/Src/stm32h7xx_hal_mdma.o
 .comment       0x00000043       0x44 ./Drivers/STM32H7xx_HAL_Driver/Src/stm32h7xx_hal_pwr_ex.o
 .comment       0x00000043       0x44 ./Drivers/STM32H7xx_HAL_Driver/Src/stm32h7xx_hal_rcc.o
 .comment       0x00000043       0x44 ./Drivers/STM32H7xx_HAL_Driver/Src/stm32h7xx_hal_rcc_ex.o
 .comment       0x00000043       0x44 ./Drivers/STM32H7xx_HAL_Driver/Src/stm32h7xx_hal_sdram.o
 .comment       0x00000043       0x44 ./Drivers/STM32H7xx_HAL_Driver/Src/stm32h7xx_hal_tim.o
 .comment       0x00000043       0x44 ./Drivers/STM32H7xx_HAL_Driver/Src/stm32h7xx_ll_fmc.o

.debug_frame    0x00000000     0x863c
 .debug_frame   0x00000000      0x268 ./Core/Components/ft5336/ft5336.o
 .debug_frame   0x00000268      0x984 ./Core/Components/ft5336/ft5336_reg.o
 .debug_frame   0x00000bec      0x19c ./Core/Components/mt48lc4m32b2/mt48lc4m32b2.o
 .debug_frame   0x00000d88       0x38 ./Core/Src/display.o
 .debug_frame   0x00000dc0      0x174 ./Core/Src/main.o
 .debug_frame   0x00000f34      0x4a0 ./Core/Src/stm32_lcd.o
 .debug_frame   0x000013d4      0x250 ./Core/Src/stm32h750b_discovery_bus.o
 .debug_frame   0x00001624      0x5c8 ./Core/Src/stm32h750b_discovery_lcd.o
 .debug_frame   0x00001bec      0x10c ./Core/Src/stm32h750b_discovery_sdram.o
 .debug_frame   0x00001cf8       0xd0 ./Core/Src/stm32h7xx_hal_msp.o
 .debug_frame   0x00001dc8      0x120 ./Core/Src/stm32h7xx_it.o
 .debug_frame   0x00001ee8       0x78 ./Core/Src/system_stm32h7xx.o
 .debug_frame   0x00001f60      0x690 ./Drivers/STM32H7xx_HAL_Driver/Src/stm32h7xx_hal.o